 DFeInterop.exe

 Timestamp is 5feb379b (Tue Dec 29 11:05:15 2020)

 Preferred load address is 00400000

 Start         Length     Name                   Class
 0001:00000000 000d8410H .text                   CODE                  
 0002:00000000 0001cf0cH .rdata                  DATA                  
 0002:0001cf0c 0000005cH .CRT$XIC                DATA                  
 0003:00000000 00006bd0H .data                   DATA                  
 0003:00006bd0 0000008cH .idata$2                DATA                  
 0003:00006c5c 00000014H .idata$3                DATA                  
 0003:00006c70 00000310H .idata$4                DATA                  
 0003:00006f80 00000310H .idata$5                DATA                  
 0003:00007290 00000d44H .idata$6                DATA                  
 0003:00007fd4 00007cbcH .bss                    DATA                  

  Address         Publics by Value              Rva+Base     Lib:Object

 0001:00000040       _HB_FUN_MAIN               00401040 f   DFeInterop.obj
 0001:00000060       _HB_FUN_CERTIFICADOVENCIDO 00401060 f   DFeInterop.obj
 0001:00000080       _HB_FUN_LWGETOBJECT        00401080 f   DFeInterop.obj
 0001:00000210       _HB_FUN___DBGALTDENTRY     00401210 f   DbgServe:dbgserve.obj
 0001:00000230       _HB_FUN___DBGINVOKE        00401230 f   DbgServe:dbgserve.obj
 0001:00000250       _HB_FUN___DBGENTRY         00401250 f   DbgServe:dbgserve.obj
 0001:000005d0       _HB_FUN_XHD_VAL_TO_STR     004015d0 f   DbgServe:dbgserve.obj
 0001:000007e0       _hb_conInit                004017e0 f   xhb:console.obj
 0001:00000870       _hb_conRelease             00401870 f   xhb:console.obj
 0001:000008a0       _hb_conNewLine             004018a0 f   xhb:console.obj
 0001:000008b0       _HB_FUN_HB_OSNEWLINE       004018b0 f   xhb:console.obj
 0001:000008c0       _hb_conOutStd              004018c0 f   xhb:console.obj
 0001:00000900       _hb_conOutErr              00401900 f   xhb:console.obj
 0001:00000960       _hb_conOutAlt              00401960 f   xhb:console.obj
 0001:00000be0       _HB_FUN_OUTSTD             00401be0 f   xhb:console.obj
 0001:00000c30       _HB_FUN_OUTERR             00401c30 f   xhb:console.obj
 0001:00000c80       _HB_FUN_QQOUT              00401c80 f   xhb:console.obj
 0001:00000cd0       _HB_FUN_QOUT               00401cd0 f   xhb:console.obj
 0001:00000de0       _HB_FUN___EJECT            00401de0 f   xhb:console.obj
 0001:00000e40       _HB_FUN_PROW               00401e40 f   xhb:console.obj
 0001:00000e60       _HB_FUN_PCOL               00401e60 f   xhb:console.obj
 0001:000010a0       _HB_FUN_DEVPOS             004020a0 f   xhb:console.obj
 0001:000010f0       _HB_FUN_SETPRC             004020f0 f   xhb:console.obj
 0001:00001140       _HB_FUN_DEVOUT             00402140 f   xhb:console.obj
 0001:000011f0       _HB_FUN_DISPOUT            004021f0 f   xhb:console.obj
 0001:000012c0       _HB_FUN_DISPOUTAT          004022c0 f   xhb:console.obj
 0001:000013c0       _HB_FUN_HB_DISPOUTAT       004023c0 f   xhb:console.obj
 0001:00001490       _HB_FUN_HB_GETSTDIN        00402490 f   xhb:console.obj
 0001:000014b0       _HB_FUN_HB_GETSTDOUT       004024b0 f   xhb:console.obj
 0001:000014d0       _HB_FUN_HB_GETSTDERR       004024d0 f   xhb:console.obj
 0001:000014f0       _HB_FUN_HBCONSOLELOCK      004024f0 f   xhb:console.obj
 0001:00001500       _HB_FUN_HBCONSOLEUNLOCK    00402500 f   xhb:console.obj
 0001:00001510       _HB_FUN_INKEY              00402510 f   xhb:inkey.obj
 0001:00001680       _HB_FUN_SETINKEYBEFOREBLOCK 00402680 f   xhb:inkey.obj
 0001:000016e0       _HB_FUN_SETINKEYAFTERBLOCK 004026e0 f   xhb:inkey.obj
 0001:00001740       _HB_FUN___KEYBOARD         00402740 f   xhb:inkey.obj
 0001:00001880       _HB_FUN_HB_KEYPUT          00402880 f   xhb:inkey.obj
 0001:00001960       _HB_FUN_NEXTKEY            00402960 f   xhb:inkey.obj
 0001:000019a0       _HB_FUN_LASTKEY            004029a0 f   xhb:inkey.obj
 0001:000019e0       _HB_FUN_HB_SETLASTKEY      004029e0 f   xhb:inkey.obj
 0001:00001a50       _HB_FUN_CREATEOBJECT       00402a50 f   xhb:win32ole.obj
 0001:00001a70       _HB_FUN_GETACTIVEOBJECT    00402a70 f   xhb:win32ole.obj
 0001:00001a90       _HB_FUN_OLEDEFAULTARG      00402a90 f   xhb:win32ole.obj
 0001:00001ab0       _HB_FUN_VTWRAPPER          00402ab0 f   xhb:win32ole.obj
 0001:00001af0       _HB_FUN_VTARRAYWRAPPER     00402af0 f   xhb:win32ole.obj
 0001:00001b50       _HB_FUN_TOLEAUTO           00402b50 f   xhb:win32ole.obj
 0001:00001dd0       _HB_FUN_ALERT              00402dd0 f   xhb:alert.obj
 0001:00001df0       _HB_FUN___NONOALERT        00402df0 f   xhb:alert.obj
 0001:00001e30       _HB_FUN_HB_OLEINIT         00402e30 f   xhb:hbwinole.obj
 0001:00001f00       _HB_FUN_OLEENUMERATE_ENUMERATE 00402f00 f   xhb:hbwinole.obj
 0001:00001f40       _HB_FUN_OLEENUMERATE_END   00402f40 f   xhb:hbwinole.obj
 0001:00001f60       _hb_oleAnsiToSysString     00402f60 f   xhb:hbwinole.obj
 0001:00001fc0       _hb_oleAnsiToWide          00402fc0 f   xhb:hbwinole.obj
 0001:00002020       _hb_oleWideToAnsi          00403020 f   xhb:hbwinole.obj
 0001:00002080       _hb_oleItemToVariant       00403080 f   xhb:hbwinole.obj
 0001:00002890       _HB_FUN_ANSITOWIDE         00403890 f   xhb:hbwinole.obj
 0001:000028d0       _HB_FUN_WIDETOANSI         004038d0 f   xhb:hbwinole.obj
 0001:00003240       _hb_oleVariantToItem       00404240 f   xhb:hbwinole.obj
 0001:000038d0       _HB_FUN_OLESHOWEXCEPTION   004048d0 f   xhb:hbwinole.obj
 0001:00003930       _HB_FUN_OLEEXCEPTIONSOURCE 00404930 f   xhb:hbwinole.obj
 0001:00003960       _HB_FUN_OLEEXCEPTIONDESCRIPTION 00404960 f   xhb:hbwinole.obj
 0001:00003990       _HB_FUN_OLEERROR           00404990 f   xhb:hbwinole.obj
 0001:00003ba0       _HB_FUN_OLE2TXTERROR       00404ba0 f   xhb:hbwinole.obj
 0001:00003bc0       _HB_FUN_MESSAGEBOX         00404bc0 f   xhb:hbwinole.obj
 0001:00003c10       _HB_FUN_CREATEOLEOBJECT    00404c10 f   xhb:hbwinole.obj
 0001:00003d90       _HB_FUN_GETOLEOBJECT       00404d90 f   xhb:hbwinole.obj
 0001:00003ec0       _HB_FUN_OLEADDREF          00404ec0 f   xhb:hbwinole.obj
 0001:00003ef0       _HB_FUN_OLERELEASEOBJECT   00404ef0 f   xhb:hbwinole.obj
 0001:00004200       _HB_FUN_TOLEAUTO_OLEVALUE  00405200 f   xhb:hbwinole.obj
 0001:00004280       _HB_FUN_TOLEAUTO__OLEVALUE 00405280 f   xhb:hbwinole.obj
 0001:00004330       _HB_FUN_TOLEAUTO_OLENEWENUMERATOR 00405330 f   xhb:hbwinole.obj
 0001:00004580       _HB_FUN_TOLEAUTO_INVOKE    00405580 f   xhb:hbwinole.obj
 0001:00004620       _HB_FUN_TOLEAUTO_SET       00405620 f   xhb:hbwinole.obj
 0001:000046c0       _HB_FUN_TOLEAUTO_GET       004056c0 f   xhb:hbwinole.obj
 0001:00004760       _HB_FUN_TOLEAUTO_ONERROR   00405760 f   xhb:hbwinole.obj
 0001:00004a70       _HB_FUN_PTR2INT            00405a70 f   xhb:hbwinole.obj
 0001:00004a90       _HB_FUN_THROW              00405a90 f   xhb:throw.obj
 0001:00004b20       _hb_vmAtInit               00405b20 f   xhb:hvm.obj
 0001:00004b70       _hb_vmAtExit               00405b70 f   xhb:hvm.obj
 0001:00004c10       _hb_vmIsMt                 00405c10 f   xhb:hvm.obj
 0001:00004c20       _hb_vmLock                 00405c20 f   xhb:hvm.obj
 0001:00004c30       _hb_vmUnlock               00405c30 f   xhb:hvm.obj
 0001:00004d80       _hb_vmSymbolResolveDeferred 00405d80 f   xhb:hvm.obj
 0001:00004ec0       _hb_vmInit                 00405ec0 f   xhb:hvm.obj
 0001:000051d0       _hb_vmReleaseLocalSymbols  004061d0 f   xhb:hvm.obj
 0001:00005280       _hb_vmQuit                 00406280 f   xhb:hvm.obj
 0001:00005590       _hb_vmExecute              00406590 f   xhb:hvm.obj
 0001:00009920       _HB_FUN_HB_VMEXECUTE       0040a920 f   xhb:hvm.obj
 0001:00012cf0       _hb_vmOperatorCall         00413cf0 f   xhb:hvm.obj
 0001:00012dc0       _hb_vmOperatorCallUnary    00413dc0 f   xhb:hvm.obj
 0001:000130c0       _hb_vmDo                   004140c0 f   xhb:hvm.obj
 0001:000133b0       _hb_vmSend                 004143b0 f   xhb:hvm.obj
 0001:00013da0       _hb_vmEvalBlock            00414da0 f   xhb:hvm.obj
 0001:00013dd0       _hb_vmEvalBlockV           00414dd0 f   xhb:hvm.obj
 0001:00013e20       _hb_vmEvalBlockOrMacro     00414e20 f   xhb:hvm.obj
 0001:00013f00       _hb_vmDestroyBlockOrMacro  00414f00 f   xhb:hvm.obj
 0001:00013f40       _hb_vmFunction             00414f40 f   xhb:hvm.obj
 0001:00015450       _hb_vmPush                 00416450 f   xhb:hvm.obj
 0001:00015490       _hb_vmPushState            00416490 f   xhb:hvm.obj
 0001:000154f0       _hb_vmPushNil              004164f0 f   xhb:hvm.obj
 0001:00015530       _hb_vmPushLogical          00416530 f   xhb:hvm.obj
 0001:00015580       _hb_vmPushNumber           00416580 f   xhb:hvm.obj
 0001:000155a0       _hb_vmPushNumType          004165a0 f   xhb:hvm.obj
 0001:00015660       _hb_vmPushNumInt           00416660 f   xhb:hvm.obj
 0001:00015730       _hb_vmPushInteger          00416730 f   xhb:hvm.obj
 0001:000157e0       _hb_vmPushLong             004167e0 f   xhb:hvm.obj
 0001:00015930       _hb_vmPushDouble           00416930 f   xhb:hvm.obj
 0001:00015a60       _hb_vmPushDate             00416a60 f   xhb:hvm.obj
 0001:00015aa0       _hb_vmPushDateTime         00416aa0 f   xhb:hvm.obj
 0001:00015ae0       _hb_vmPushPointer          00416ae0 f   xhb:hvm.obj
 0001:00015b20       _hb_vmPushString           00416b20 f   xhb:hvm.obj
 0001:00015b60       _hb_vmPushSymbol           00416b60 f   xhb:hvm.obj
 0001:00015bd0       _hb_vmPushDynSym           00416bd0 f   xhb:hvm.obj
 0001:00015bf0       _hb_vmPushEvalSym          00416bf0 f   xhb:hvm.obj
 0001:00016380       _hb_vmPopState             00417380 f   xhb:hvm.obj
 0001:00016d20       _hb_vmGetRealFuncSym       00417d20 f   xhb:hvm.obj
 0001:00016d70       _hb_vmFindModuleSymbols    00417d70 f   xhb:hvm.obj
 0001:00016ea0       _hb_vmFreeSymbols          00417ea0 f   xhb:hvm.obj
 0001:00016f20       _hb_vmBeginSymbolGroup     00417f20 f   xhb:hvm.obj
 0001:00016f40       _hb_vmInitSymbolGroup      00417f40 f   xhb:hvm.obj
 0001:000170c0       _hb_vmExitSymbolGroup      004180c0 f   xhb:hvm.obj
 0001:00017180       _hb_vmRegisterSymbols      00418180 f   xhb:hvm.obj
 0001:000177e0       _hb_vmProcessSymbols       004187e0 f   xhb:hvm.obj
 0001:00017860       _hb_vmProcessSysDllSymbols 00418860 f   xhb:hvm.obj
 0001:000178e0       _hb_vmProcessPrgDllSymbols 004188e0 f   xhb:hvm.obj
 0001:00017970       _hb_vmProcessExeUsesDllSymbols 00418970 f   xhb:hvm.obj
 0001:000179f0       _hb_vmSymbols              004189f0 f   xhb:hvm.obj
 0001:00017a00       _hb_vmLastModule           00418a00 f   xhb:hvm.obj
 0001:00017a30       _hb_vmExplicitStartup      00418a30 f   xhb:hvm.obj
 0001:00017ab0       _hb_vmDoExitFunctions      00418ab0 f   xhb:hvm.obj
 0001:00017c30       _hb_vmFindModule           00418c30 f   xhb:hvm.obj
 0001:00017c60       _hb_vmFindModuleByName     00418c60 f   xhb:hvm.obj
 0001:00017ce0       _hb_vmForceLink            00418ce0 f   xhb:hvm.obj
 0001:00017cf0       _HB_FUN_ERRORLEVEL         00418cf0 f   xhb:hvm.obj
 0001:00017d30       _hb_vmRequestQuit          00418d30 f   xhb:hvm.obj
 0001:00017d50       _hb_vmRequestEndProc       00418d50 f   xhb:hvm.obj
 0001:00017d70       _hb_vmRequestBreak         00418d70 f   xhb:hvm.obj
 0001:00017de0       _hb_vmRequestCancel        00418de0 f   xhb:hvm.obj
 0001:00017f20       _hb_vmRequestQuery         00418f20 f   xhb:hvm.obj
 0001:00017f30       _hb_vmRequestReenter       00418f30 f   xhb:hvm.obj
 0001:00017f90       _hb_vmRequestRestore       00418f90 f   xhb:hvm.obj
 0001:00018090       _hb_vmRequestReset         00419090 f   xhb:hvm.obj
 0001:000180b0       _hb_vmRequest              004190b0 f   xhb:hvm.obj
 0001:000180d0       _hb_vmIsLocalRef           004190d0 f   xhb:hvm.obj
 0001:000181a0       _hb_vmIsStaticRef          004191a0 f   xhb:hvm.obj
 0001:000181b0       _hb_vmRegisterGlobals      004191b0 f   xhb:hvm.obj
 0001:00018230       _hb_vmIsGlobalRef          00419230 f   xhb:hvm.obj
 0001:00018240       _HB_FUN___SETPROFILER      00419240 f   xhb:hvm.obj
 0001:00018250       _HB_FUN___TRACEPRGCALLS    00419250 f   xhb:hvm.obj
 0001:00018270       _hb_vmPushBaseArray        00419270 f   xhb:hvm.obj
 0001:00018310       _hb_vmPushItemRef          00419310 f   xhb:hvm.obj
 0001:00018360       _HB_FUN_HB_FUNCPTR         00419360 f   xhb:hvm.obj
 0001:00018400       _HB_FUN_HB_QSELF           00419400 f   xhb:hvm.obj
 0001:00018470       _HB_FUN___OPCOUNT          00419470 f   xhb:hvm.obj
 0001:00018490       _HB_FUN___OPGETPRF         00419490 f   xhb:hvm.obj
 0001:000184c0       _HB_FUN_HB_SAVEBLOCK       004194c0 f   xhb:hvm.obj
 0001:000185e0       _HB_FUN_HB_RESTOREBLOCK    004195e0 f   xhb:hvm.obj
 0001:00018900       _HB_FUN_HB_GUIERRORMESSAGE 00419900 f   xhb:hvm.obj
 0001:00018910       _HB_FUN_HB_NOMOUSE         00419910 f   xhb:hvm.obj
 0001:00018920       _HB_FUN_HB_NOSTARTUPWINDOW 00419920 f   xhb:hvm.obj
 0001:00018930       _HB_FUN_HB_RESETWITH       00419930 f   xhb:hvm.obj
 0001:00018990       _HB_FUN_HB_WITHOBJECTCOUNTER 00419990 f   xhb:hvm.obj
 0001:000189b0       _HB_FUN___TEXTINTO         004199b0 f   xhb:hvm.obj
 0001:000189f0       _HB_FUN_HB_MULTITHREAD     004199f0 f   xhb:hvm.obj
 0001:00018a10       _HB_FUN_HB_VMMODE          00419a10 f   xhb:hvm.obj
 0001:00018a70       _hb_xvmExitProc            00419a70 f   xhb:hvm.obj
 0001:00018a90       _hb_xvmSeqBegin            00419a90 f   xhb:hvm.obj
 0001:00018b20       _hb_xvmSeqEnd              00419b20 f   xhb:hvm.obj
 0001:00018c00       _hb_xvmSeqRecover          00419c00 f   xhb:hvm.obj
 0001:00018c80       _hb_xvmTryBegin            00419c80 f   xhb:hvm.obj
 0001:00018cb0       _hb_xvmTryEnd              00419cb0 f   xhb:hvm.obj
 0001:00018cf0       _hb_xvmTryEndFin           00419cf0 f   xhb:hvm.obj
 0001:00018dd0       _hb_xvmTryRecover          00419dd0 f   xhb:hvm.obj
 0001:00018e10       _hb_xvmBeginFinally        00419e10 f   xhb:hvm.obj
 0001:00018e30       _hb_xvmEndFinally          00419e30 f   xhb:hvm.obj
 0001:00018e70       _hb_xvmSetLine             00419e70 f   xhb:hvm.obj
 0001:00018ea0       _hb_xvmBaseLine            00419ea0 f   xhb:hvm.obj
 0001:00018ee0       _hb_xvmLineOffset          00419ee0 f   xhb:hvm.obj
 0001:00018f20       _hb_xvmClassSetModule      00419f20 f   xhb:hvm.obj
 0001:00018fd0       _hb_xvmIVarRef             00419fd0 f   xhb:hvm.obj
 0001:00019330       _hb_xvmFrame               0041a330 f   xhb:hvm.obj
 0001:00019350       _hb_xvmSFrame              0041a350 f   xhb:hvm.obj
 0001:00019360       _hb_xvmDo                  0041a360 f   xhb:hvm.obj
 0001:00019390       _hb_xvmFunction            0041a390 f   xhb:hvm.obj
 0001:00019410       _hb_xvmSend                0041a410 f   xhb:hvm.obj
 0001:00019490       _hb_xvmSendWith            0041a490 f   xhb:hvm.obj
 0001:00019510       _hb_xvmRetValue            0041a510 f   xhb:hvm.obj
 0001:00019580       _hb_xvmStatics             0041a580 f   xhb:hvm.obj
 0001:000195a0       _hb_xvmParameter           0041a5a0 f   xhb:hvm.obj
 0001:000195c0       _hb_xvmPushLocal           0041a5c0 f   xhb:hvm.obj
 0001:000195d0       _hb_xvmPushLocalByRef      0041a5d0 f   xhb:hvm.obj
 0001:000195e0       _hb_xvmPopLocal            0041a5e0 f   xhb:hvm.obj
 0001:000195f0       _hb_xvmPushStatic          0041a5f0 f   xhb:hvm.obj
 0001:00019600       _hb_xvmPushStaticByRef     0041a600 f   xhb:hvm.obj
 0001:00019610       _hb_xvmPopStatic           0041a610 f   xhb:hvm.obj
 0001:00019620       _hb_xvmPushGlobal          0041a620 f   xhb:hvm.obj
 0001:00019640       _hb_xvmPushGlobalByRef     0041a640 f   xhb:hvm.obj
 0001:00019690       _hb_xvmPopGlobal           0041a690 f   xhb:hvm.obj
 0001:00019770       _hb_xvmPushVariable        0041a770 f   xhb:hvm.obj
 0001:000197a0       _hb_xvmPopVariable         0041a7a0 f   xhb:hvm.obj
 0001:00019830       _hb_xvmPushBlockShort      0041a830 f   xhb:hvm.obj
 0001:00019850       _hb_xvmPushBlock           0041a850 f   xhb:hvm.obj
 0001:00019870       _hb_xvmPushSelf            0041a870 f   xhb:hvm.obj
 0001:00019890       _hb_xvmPopLogical          0041a890 f   xhb:hvm.obj
 0001:000198c0       _hb_xvmPopAlias            0041a8c0 f   xhb:hvm.obj
 0001:00019920       _hb_xvmSwapAlias           0041a920 f   xhb:hvm.obj
 0001:00019950       _hb_xvmPushField           0041a950 f   xhb:hvm.obj
 0001:000199b0       _hb_xvmPushAlias           0041a9b0 f   xhb:hvm.obj
 0001:000199e0       _hb_xvmPushAliasedField    0041a9e0 f   xhb:hvm.obj
 0001:00019a10       _hb_xvmPushAliasedVar      0041aa10 f   xhb:hvm.obj
 0001:00019a40       _hb_xvmPopField            0041aa40 f   xhb:hvm.obj
 0001:00019ad0       _hb_xvmPushMemvar          0041aad0 f   xhb:hvm.obj
 0001:00019b30       _hb_xvmPushMemvarByRef     0041ab30 f   xhb:hvm.obj
 0001:00019b90       _hb_xvmPopMemvar           0041ab90 f   xhb:hvm.obj
 0001:00019c20       _hb_xvmPopAliasedField     0041ac20 f   xhb:hvm.obj
 0001:00019c50       _hb_xvmPopAliasedVar       0041ac50 f   xhb:hvm.obj
 0001:00019c80       _hb_xvmLocalAddInt         0041ac80 f   xhb:hvm.obj
 0001:00019cc0       _hb_xvmLocalAdd            0041acc0 f   xhb:hvm.obj
 0001:00019d90       _hb_xvmEqual               0041ad90 f   xhb:hvm.obj
 0001:00019dc0       _hb_xvmAnd                 0041adc0 f   xhb:hvm.obj
 0001:00019df0       _hb_xvmOr                  0041adf0 f   xhb:hvm.obj
 0001:00019e20       _hb_xvmNot                 0041ae20 f   xhb:hvm.obj
 0001:00019e50       _hb_xvmNegate              0041ae50 f   xhb:hvm.obj
 0001:00019e80       _hb_xvmPower               0041ae80 f   xhb:hvm.obj
 0001:00019eb0       _hb_xvmDuplicate           0041aeb0 f   xhb:hvm.obj
 0001:00019ec0       _hb_xvmDuplTwo             0041aec0 f   xhb:hvm.obj
 0001:00019ed0       _hb_xvmForTest             0041aed0 f   xhb:hvm.obj
 0001:00019f00       _hb_xvmFuncPtr             0041af00 f   xhb:hvm.obj
 0001:00019f10       _hb_xvmNotEqual            0041af10 f   xhb:hvm.obj
 0001:00019f40       _hb_xvmLess                0041af40 f   xhb:hvm.obj
 0001:00019f70       _hb_xvmLessEqual           0041af70 f   xhb:hvm.obj
 0001:00019fa0       _hb_xvmGreater             0041afa0 f   xhb:hvm.obj
 0001:00019fd0       _hb_xvmGreaterEqual        0041afd0 f   xhb:hvm.obj
 0001:0001a000       _hb_xvmInstring            0041b000 f   xhb:hvm.obj
 0001:0001a030       _hb_xvmAddInt              0041b030 f   xhb:hvm.obj
 0001:0001a070       _hb_xvmPlus                0041b070 f   xhb:hvm.obj
 0001:0001a110       _hb_xvmMinus               0041b110 f   xhb:hvm.obj
 0001:0001a140       _hb_xvmMultByInt           0041b140 f   xhb:hvm.obj
 0001:0001a2b0       _hb_xvmMult                0041b2b0 f   xhb:hvm.obj
 0001:0001a2e0       _hb_xvmDivideByInt         0041b2e0 f   xhb:hvm.obj
 0001:0001a500       _hb_xvmDivide              0041b500 f   xhb:hvm.obj
 0001:0001a530       _hb_xvmModulus             0041b530 f   xhb:hvm.obj
 0001:0001a560       _hb_xvmInc                 0041b560 f   xhb:hvm.obj
 0001:0001a590       _hb_xvmDec                 0041b590 f   xhb:hvm.obj
 0001:0001a5c0       _hb_xvmBitAnd              0041b5c0 f   xhb:hvm.obj
 0001:0001a5f0       _hb_xvmBitOr               0041b5f0 f   xhb:hvm.obj
 0001:0001a620       _hb_xvmBitXor              0041b620 f   xhb:hvm.obj
 0001:0001a650       _hb_xvmBitShiftL           0041b650 f   xhb:hvm.obj
 0001:0001a680       _hb_xvmBitShiftR           0041b680 f   xhb:hvm.obj
 0001:0001a6b0       _hb_xvmLeft                0041b6b0 f   xhb:hvm.obj
 0001:0001a7b0       _hb_xvmRight               0041b7b0 f   xhb:hvm.obj
 0001:0001a820       _hb_xvmLike                0041b820 f   xhb:hvm.obj
 0001:0001a8d0       _hb_xvmMatch               0041b8d0 f   xhb:hvm.obj
 0001:0001a980       _hb_xvmArrayDim            0041b980 f   xhb:hvm.obj
 0001:0001a990       _hb_xvmArrayGen            0041b990 f   xhb:hvm.obj
 0001:0001a9b0       _hb_xvmHashGen             0041b9b0 f   xhb:hvm.obj
 0001:0001b0b0       _hb_xvmArrayPush           0041c0b0 f   xhb:hvm.obj
 0001:0001b0e0       _hb_xvmArrayPushRef        0041c0e0 f   xhb:hvm.obj
 0001:0001b110       _hb_xvmArrayItemPush       0041c110 f   xhb:hvm.obj
 0001:0001b140       _hb_xvmArrayPop            0041c140 f   xhb:hvm.obj
 0001:0001b170       _hb_xvmArrayPopPlus        0041c170 f   xhb:hvm.obj
 0001:0001b1a0       _hb_xvmArrayItemPop        0041c1a0 f   xhb:hvm.obj
 0001:0001b1d0       _hb_xvmPushDouble          0041c1d0 f   xhb:hvm.obj
 0001:0001b1f0       _hb_xvmPushLongLong        0041c1f0 f   xhb:hvm.obj
 0001:0001b210       _hb_xvmLocalName           0041c210 f   xhb:hvm.obj
 0001:0001b230       _hb_xvmStaticName          0041c230 f   xhb:hvm.obj
 0001:0001b250       _hb_xvmModuleName          0041c250 f   xhb:hvm.obj
 0001:0001b260       _hb_xvmMacroList           0041c260 f   xhb:hvm.obj
 0001:0001b280       _hb_xvmMacroListEnd        0041c280 f   xhb:hvm.obj
 0001:0001b2a0       _hb_xvmMacroPush           0041c2a0 f   xhb:hvm.obj
 0001:0001b2e0       _hb_xvmPushMacroRef        0041c2e0 f   xhb:hvm.obj
 0001:0001b320       _hb_xvmMacroPushIndex      0041c320 f   xhb:hvm.obj
 0001:0001b450       _hb_xvmMacroPushArg        0041c450 f   xhb:hvm.obj
 0001:0001b4b0       _hb_xvmMacroPushList       0041c4b0 f   xhb:hvm.obj
 0001:0001b4f0       _hb_xvmMacroPushPare       0041c4f0 f   xhb:hvm.obj
 0001:0001b530       _hb_xvmMacroPushAliased    0041c530 f   xhb:hvm.obj
 0001:0001b570       _hb_xvmMacroPop            0041c570 f   xhb:hvm.obj
 0001:0001b5b0       _hb_xvmMacroPopAliased     0041c5b0 f   xhb:hvm.obj
 0001:0001b5f0       _hb_xvmMacroSymbol         0041c5f0 f   xhb:hvm.obj
 0001:0001b620       _hb_xvmMacroText           0041c620 f   xhb:hvm.obj
 0001:0001b650       _hb_xvmLocalSetInt         0041c650 f   xhb:hvm.obj
 0001:0001b6e0       _hb_xvmLocalSetStr         0041c6e0 f   xhb:hvm.obj
 0001:0001b780       _hb_xvmSwitchCase          0041c780 f   xhb:hvm.obj
 0001:0001b890       _hb_xvmPushWith            0041c890 f   xhb:hvm.obj
 0001:0001b8c0       _hb_xvmWithObject          0041c8c0 f   xhb:hvm.obj
 0001:0001b9c0       _hb_xvmEndWithObject       0041c9c0 f   xhb:hvm.obj
 0001:0001ba10       _hb_xvmEnumIndex           0041ca10 f   xhb:hvm.obj
 0001:0001ba80       _hb_xvmForEach             0041ca80 f   xhb:hvm.obj
 0001:0001bcb0       _hb_xvmEnumerate           0041ccb0 f   xhb:hvm.obj
 0001:0001be80       _hb_xvmEndEnumerate        0041ce80 f   xhb:hvm.obj
 0001:0001bf70       _hb_xvmLocalSetStringHidden 0041cf70 f   xhb:hvm.obj
 0001:0001c030       _hb_xvmPushStringHidden    0041d030 f   xhb:hvm.obj
 0001:0001c060       _hb_xvmDivert              0041d060 f   xhb:hvm.obj
 0001:0001c070       _hb_vmRequestDebug         0041d070 f   xhb:hvm.obj
 0001:0001c080       _hb_dbg_InvokeDebug        0041d080 f   xhb:hvm.obj
 0001:0001c0a0       _hb_dbg_SetEntry           0041d0a0 f   xhb:hvm.obj
 0001:0001c0c0       _hb_dbg_vmVarSGet          0041d0c0 f   xhb:hvm.obj
 0001:0001c0e0       _hb_dbg_ProcLevel          0041d0e0 f   xhb:hvm.obj
 0001:0001c0f0       _HB_FUN_HB_DBG_INVOKEDEBUG 0041d0f0 f   xhb:hvm.obj
 0001:0001c150       _HB_FUN_HB_DBG_VMVARSLIST  0041d150 f   xhb:hvm.obj
 0001:0001c180       _HB_FUN_HB_DBG_VMVARSLEN   0041d180 f   xhb:hvm.obj
 0001:0001c1a0       _HB_FUN_HB_DBG_VMVARSGET   0041d1a0 f   xhb:hvm.obj
 0001:0001c1e0       _HB_FUN_HB_DBG_VMVARSSET   0041d1e0 f   xhb:hvm.obj
 0001:0001c230       _HB_FUN_HB_DBG_PROCLEVEL   0041d230 f   xhb:hvm.obj
 0001:0001c250       _hb_dbg_vmVarGCount        0041d250 f   xhb:hvm.obj
 0001:0001c260       _hb_dbg_vmVarGGet          0041d260 f   xhb:hvm.obj
 0001:0001c280       _HB_FUN_HB_DBG_VMVARGLIST  0041d280 f   xhb:hvm.obj
 0001:0001c2b0       _HB_FUN_HB_DBG_VMVARGGET   0041d2b0 f   xhb:hvm.obj
 0001:0001c2f0       _HB_FUN_HB_DBG_VMVARGSET   0041d2f0 f   xhb:hvm.obj
 0001:0001c340       _HB_FUN___VMVARGLIST       0041d340 f   xhb:hvm.obj
 0001:0001c350       _HB_FUN___VMVARSLIST       0041d350 f   xhb:hvm.obj
 0001:0001c360       _HB_FUN___VMVARSLEN        0041d360 f   xhb:hvm.obj
 0001:0001c370       _HB_FUN___VMVARSGET        0041d370 f   xhb:hvm.obj
 0001:0001c380       _HB_FUN___VMVARSSET        0041d380 f   xhb:hvm.obj
 0001:0001c880       _hb_hashNew                0041d880 f   xhb:hash.obj
 0001:0001c970       _hb_hashAdd                0041d970 f   xhb:hash.obj
 0001:0001d020       _hb_hashAddForward         0041e020 f   xhb:hash.obj
 0001:0001d2a0       _hb_hashScan               0041e2a0 f   xhb:hash.obj
 0001:0001d380       _hb_hashRemove             0041e380 f   xhb:hash.obj
 0001:0001d620       _hb_hashSet                0041e620 f   xhb:hash.obj
 0001:0001d700       _hb_hashSetForward         0041e700 f   xhb:hash.obj
 0001:0001d7f0       _hb_hashGet                0041e7f0 f   xhb:hash.obj
 0001:0001d8f0       _hb_hashGetForward         0041e8f0 f   xhb:hash.obj
 0001:0001d9f0       _hb_hashPreallocate        0041e9f0 f   xhb:hash.obj
 0001:0001dad0       _hb_hashClone              0041ead0 f   xhb:hash.obj
 0001:0001dc20       _hb_hashMerge              0041ec20 f   xhb:hash.obj
 0001:0001e0b0       _hb_hashSetAACompatibility 0041f0b0 f   xhb:hash.obj
 0001:0001e160       _hb_hashReleaseBase        0041f160 f   xhb:hash.obj
 0001:0001e260       _hb_hashRelease            0041f260 f   xhb:hash.obj
 0001:0001e2e0       _hb_hashReleaseGarbage     0041f2e0 f   xhb:hash.obj
 0001:0001e390       _hb_hashGetKeys            0041f390 f   xhb:hash.obj
 0001:0001e480       _hb_hashGetValues          0041f480 f   xhb:hash.obj
 0001:0001e570       _hb_hashGetKeyAt           0041f570 f   xhb:hash.obj
 0001:0001e600       _hb_hashGetValueAt         0041f600 f   xhb:hash.obj
 0001:0001e680       _HB_FUN_HASH               0041f680 f   xhb:hash.obj
 0001:0001e7a0       _HB_FUN_HGETPOS            0041f7a0 f   xhb:hash.obj
 0001:0001e840       _HB_FUN_HAAGETPOS          0041f840 f   xhb:hash.obj
 0001:0001e920       _HB_FUN_HHASKEY            0041f920 f   xhb:hash.obj
 0001:0001e9c0       _HB_FUN_HGET               0041f9c0 f   xhb:hash.obj
 0001:0001eaa0       _HB_FUN_HSET               0041faa0 f   xhb:hash.obj
 0001:0001eb40       _HB_FUN_HDEL               0041fb40 f   xhb:hash.obj
 0001:0001ec00       _HB_FUN_HGETKEYAT          0041fc00 f   xhb:hash.obj
 0001:0001ecd0       _HB_FUN_HAAGETKEYAT        0041fcd0 f   xhb:hash.obj
 0001:0001edf0       _HB_FUN_HGETVALUEAT        0041fdf0 f   xhb:hash.obj
 0001:0001eec0       _HB_FUN_HAAGETVALUEAT      0041fec0 f   xhb:hash.obj
 0001:0001efe0       _HB_FUN_HSETVALUEAT        0041ffe0 f   xhb:hash.obj
 0001:0001f0f0       _HB_FUN_HAASETVALUEAT      004200f0 f   xhb:hash.obj
 0001:0001f260       _HB_FUN_HGETPAIRAT         00420260 f   xhb:hash.obj
 0001:0001f440       _HB_FUN_HDELAT             00420440 f   xhb:hash.obj
 0001:0001f500       _HB_FUN_HAADELAT           00420500 f   xhb:hash.obj
 0001:0001f610       _HB_FUN_HGETKEYS           00420610 f   xhb:hash.obj
 0001:0001f680       _HB_FUN_HGETVALUES         00420680 f   xhb:hash.obj
 0001:0001f6f0       _HB_FUN_HGETVAAPOS         004206f0 f   xhb:hash.obj
 0001:0001f7a0       _HB_FUN_HFILL              004207a0 f   xhb:hash.obj
 0001:0001f890       _HB_FUN_HSCAN              00420890 f   xhb:hash.obj
 0001:0001f9c0       _HB_FUN_HEVAL              004209c0 f   xhb:hash.obj
 0001:0001fae0       _HB_FUN_HCLONE             00420ae0 f   xhb:hash.obj
 0001:0001fb50       _HB_FUN_HCOPY              00420b50 f   xhb:hash.obj
 0001:0001fc90       _HB_FUN_HMERGE             00420c90 f   xhb:hash.obj
 0001:0001fd40       _hb_hashSetCaseMatch       00420d40 f   xhb:hash.obj
 0001:0001fd80       _HB_FUN_HSETCASEMATCH      00420d80 f   xhb:hash.obj
 0001:0001fe10       _HB_FUN_HGETCASEMATCH      00420e10 f   xhb:hash.obj
 0001:0001fe70       _HB_FUN_HSETAUTOADD        00420e70 f   xhb:hash.obj
 0001:0001fef0       _HB_FUN_HGETAUTOADD        00420ef0 f   xhb:hash.obj
 0001:0001ff50       _HB_FUN_HSETPARTITION      00420f50 f   xhb:hash.obj
 0001:00020120       _HB_FUN_HGETPARTITION      00421120 f   xhb:hash.obj
 0001:00020220       _HB_FUN_HALLOCATE          00421220 f   xhb:hash.obj
 0001:000202b0       _HB_FUN_HSETAACOMPATIBILITY 004212b0 f   xhb:hash.obj
 0001:00020350       _HB_FUN_HGETAACOMPATIBILITY 00421350 f   xhb:hash.obj
 0001:000203b0       _HB_FUN_HAAGETREALPOS      004213b0 f   xhb:hash.obj
 0001:00020430       _hb_hashAAGetRealPos       00421430 f   xhb:hash.obj
 0001:00020470       _hb_hashLen                00421470 f   xhb:hash.obj
 0001:00020490       _hb_hashGetCompatibility   00421490 f   xhb:hash.obj
 0001:000204c0       _hb_hashId                 004214c0 f   xhb:hash.obj
 0001:000204e0       _HB_FUN_HB_HASHID          004214e0 f   xhb:hash.obj
 0001:00020730       _hb_selectWriteExceptSocket 00421730 f   xhb:inet.obj
 0001:00020ba0       _HB_FUN_INETINIT           00421ba0 f   xhb:inet.obj
 0001:00020be0       _HB_FUN_INETCLEANUP        00421be0 f   xhb:inet.obj
 0001:00020c00       _HB_FUN_INETCREATE         00421c00 f   xhb:inet.obj
 0001:00020c80       _HB_FUN_INETCLOSE          00421c80 f   xhb:inet.obj
 0001:00020d00       _HB_FUN_INETDESTROY        00421d00 f   xhb:inet.obj
 0001:00020d10       _HB_FUN_INETSTATUS         00421d10 f   xhb:inet.obj
 0001:00020d80       _HB_FUN_INETERRORCODE      00421d80 f   xhb:inet.obj
 0001:00020de0       _HB_FUN_INETERRORDESC      00421de0 f   xhb:inet.obj
 0001:00020e40       _HB_FUN_INETCLEARERROR     00421e40 f   xhb:inet.obj
 0001:00020ea0       _HB_FUN_INETCOUNT          00421ea0 f   xhb:inet.obj
 0001:00020f00       _HB_FUN_INETADDRESS        00421f00 f   xhb:inet.obj
 0001:00020f70       _HB_FUN_INETPORT           00421f70 f   xhb:inet.obj
 0001:00020fd0       _HB_FUN_INETSETTIMEOUT     00421fd0 f   xhb:inet.obj
 0001:00021050       _HB_FUN_INETGETTIMEOUT     00422050 f   xhb:inet.obj
 0001:000210b0       _HB_FUN_INETCLEARTIMEOUT   004220b0 f   xhb:inet.obj
 0001:00021100       _HB_FUN_INETSETTIMELIMIT   00422100 f   xhb:inet.obj
 0001:00021180       _HB_FUN_INETGETTIMELIMIT   00422180 f   xhb:inet.obj
 0001:000211e0       _HB_FUN_INETCLEARTIMELIMIT 004221e0 f   xhb:inet.obj
 0001:00021230       _HB_FUN_INETSETPERIODCALLBACK 00422230 f   xhb:inet.obj
 0001:000212c0       _HB_FUN_INETGETPERIODCALLBACK 004222c0 f   xhb:inet.obj
 0001:00021320       _HB_FUN_INETCLEARPERIODCALLBACK 00422320 f   xhb:inet.obj
 0001:00021380       _HB_FUN_INETGETSNDBUFSIZE  00422380 f   xhb:inet.obj
 0001:00021400       _HB_FUN_INETGETRCVBUFSIZE  00422400 f   xhb:inet.obj
 0001:00021480       _HB_FUN_INETSETSNDBUFSIZE  00422480 f   xhb:inet.obj
 0001:00021510       _HB_FUN_INETSETRCVBUFSIZE  00422510 f   xhb:inet.obj
 0001:000217d0       _HB_FUN_INETRECV           004227d0 f   xhb:inet.obj
 0001:000217f0       _HB_FUN_INETRECVALL        004227f0 f   xhb:inet.obj
 0001:00021ae0       _HB_FUN_INETRECVLINE       00422ae0 f   xhb:inet.obj
 0001:00021b00       _HB_FUN_INETRECVENDBLOCK   00422b00 f   xhb:inet.obj
 0001:00022060       _HB_FUN_INETDATAREADY      00423060 f   xhb:inet.obj
 0001:000223e0       _HB_FUN_INETSEND           004233e0 f   xhb:inet.obj
 0001:00022400       _HB_FUN_INETSENDALL        00423400 f   xhb:inet.obj
 0001:00022420       _HB_FUN_INETGETHOSTS       00423420 f   xhb:inet.obj
 0001:000224e0       _HB_FUN_INETGETALIAS       004234e0 f   xhb:inet.obj
 0001:000225a0       _HB_FUN_INETSERVER         004235a0 f   xhb:inet.obj
 0001:00022810       _HB_FUN_INETACCEPT         00423810 f   xhb:inet.obj
 0001:000229a0       _HB_FUN_INETCONNECT        004239a0 f   xhb:inet.obj
 0001:00022b70       _HB_FUN_INETCONNECTIP      00423b70 f   xhb:inet.obj
 0001:00022d30       _HB_FUN_INETDGRAMBIND      00423d30 f   xhb:inet.obj
 0001:00022f90       _HB_FUN_INETDGRAM          00423f90 f   xhb:inet.obj
 0001:00023070       _HB_FUN_INETDGRAMSEND      00424070 f   xhb:inet.obj
 0001:00023220       _HB_FUN_INETDGRAMRECV      00424220 f   xhb:inet.obj
 0001:00023400       _HB_FUN_INETCRLF           00424400 f   xhb:inet.obj
 0001:00023410       _HB_FUN_INETISSOCKET       00424410 f   xhb:inet.obj
 0001:00023440       _HB_FUN___QUIT             00424440 f   xhb:initexit.obj
 0001:00023480       _hb_strLTrim               00424480 f   xhb:trim.obj
 0001:000234c0       _hb_strRTrimLen            004244c0 f   xhb:trim.obj
 0001:00023520       _HB_FUN_LTRIM              00424520 f   xhb:trim.obj
 0001:000235b0       _HB_FUN_RTRIM              004245b0 f   xhb:trim.obj
 0001:00023660       _HB_FUN_TRIM               00424660 f   xhb:trim.obj
 0001:00023670       _HB_FUN_ALLTRIM            00424670 f   xhb:trim.obj
 0001:00023730       _HB_FUN_STR                00424730 f   xhb:str.obj
 0001:00024150       _hb_set_SetPrinterStart    00425150 f   xhb:set.obj
 0001:000241b0       _hb_set_SetPrinterStop     004251b0 f   xhb:set.obj
 0001:00024200       _hb_setSetCentury          00425200 f   xhb:set.obj
 0001:000243b0       _HB_FUN___SETCENTURY       004253b0 f   xhb:set.obj
 0001:00024410       _HB_FUN_SETCANCEL          00425410 f   xhb:set.obj
 0001:00024460       _HB_FUN_SET                00425460 f   xhb:set.obj
 0001:00026830       _hb_setInitialize          00427830 f   xhb:set.obj
 0001:00026cd0       _hb_setRelease             00427cd0 f   xhb:set.obj
 0001:00026fb0       _hb_setClone               00427fb0 f   xhb:set.obj
 0001:000271e0       _hb_setListenerAdd         004281e0 f   xhb:set.obj
 0001:00027260       _hb_setListenerNotify      00428260 f   xhb:set.obj
 0001:00027290       _hb_setListenerRemove      00428290 f   xhb:set.obj
 0001:00027530       _hb_setSetItem             00428530 f   xhb:set.obj
 0001:00028560       _hb_setSetItem2            00429560 f   xhb:set.obj
 0001:00028650       _hb_setGetL                00429650 f   xhb:set.obj
 0001:00028830       _hb_setGetCPtr             00429830 f   xhb:set.obj
 0001:00028940       _hb_setGetNI               00429940 f   xhb:set.obj
 0001:00028a40       _hb_setGetNL               00429a40 f   xhb:set.obj
 0001:00028a50       _hb_setGetFirstSetPath     00429a50 f   xhb:set.obj
 0001:00028a60       _hb_setGetAltHan           00429a60 f   xhb:set.obj
 0001:00028a70       _hb_setGetCentury          00429a70 f   xhb:set.obj
 0001:00028a80       _hb_setGetExtraHan         00429a80 f   xhb:set.obj
 0001:00028a90       _hb_setGetPrintHan         00429a90 f   xhb:set.obj
 0001:00028aa0       _hb_setGetAlternate        00429aa0 f   xhb:set.obj
 0001:00028ab0       _hb_setGetAltFile          00429ab0 f   xhb:set.obj
 0001:00028ac0       _hb_setGetAutOpen          00429ac0 f   xhb:set.obj
 0001:00028ad0       _hb_setGetAutOrder         00429ad0 f   xhb:set.obj
 0001:00028ae0       _hb_setGetAutoShare        00429ae0 f   xhb:set.obj
 0001:00028af0       _hb_setGetBell             00429af0 f   xhb:set.obj
 0001:00028b00       _hb_setGetCancel           00429b00 f   xhb:set.obj
 0001:00028b10       _hb_setGetColor            00429b10 f   xhb:set.obj
 0001:00028b20       _hb_setGetConfirm          00429b20 f   xhb:set.obj
 0001:00028b30       _hb_setGetConsole          00429b30 f   xhb:set.obj
 0001:00028b40       _hb_setGetDateFormat       00429b40 f   xhb:set.obj
 0001:00028b50       _hb_setGetTimeFormat       00429b50 f   xhb:set.obj
 0001:00028b60       _hb_setGetDebug            00429b60 f   xhb:set.obj
 0001:00028b70       _hb_setGetDecimals         00429b70 f   xhb:set.obj
 0001:00028b80       _hb_setGetDefault          00429b80 f   xhb:set.obj
 0001:00028b90       _hb_setGetDeleted          00429b90 f   xhb:set.obj
 0001:00028ba0       _hb_setGetDelimChars       00429ba0 f   xhb:set.obj
 0001:00028bb0       _hb_setGetDelimiters       00429bb0 f   xhb:set.obj
 0001:00028bc0       _hb_setGetDevice           00429bc0 f   xhb:set.obj
 0001:00028bd0       _hb_setGetEOF              00429bd0 f   xhb:set.obj
 0001:00028be0       _hb_setGetEpoch            00429be0 f   xhb:set.obj
 0001:00028bf0       _hb_setGetEscape           00429bf0 f   xhb:set.obj
 0001:00028c00       _hb_setGetEventMask        00429c00 f   xhb:set.obj
 0001:00028c10       _hb_setGetExact            00429c10 f   xhb:set.obj
 0001:00028c20       _hb_setGetExclusive        00429c20 f   xhb:set.obj
 0001:00028c30       _hb_setGetExit             00429c30 f   xhb:set.obj
 0001:00028c40       _hb_setGetExtra            00429c40 f   xhb:set.obj
 0001:00028c50       _hb_setGetExtraFile        00429c50 f   xhb:set.obj
 0001:00028c60       _hb_setGetFixed            00429c60 f   xhb:set.obj
 0001:00028c70       _hb_setGetIdleRepeat       00429c70 f   xhb:set.obj
 0001:00028c80       _hb_setGetInsert           00429c80 f   xhb:set.obj
 0001:00028c90       _hb_setGetIntensity        00429c90 f   xhb:set.obj
 0001:00028ca0       _hb_setGetPath             00429ca0 f   xhb:set.obj
 0001:00028cb0       _hb_setGetMargin           00429cb0 f   xhb:set.obj
 0001:00028cc0       _hb_setGetMBlockSize       00429cc0 f   xhb:set.obj
 0001:00028cd0       _hb_setGetMCenter          00429cd0 f   xhb:set.obj
 0001:00028ce0       _hb_setGetMessage          00429ce0 f   xhb:set.obj
 0001:00028cf0       _hb_setGetMFileExt         00429cf0 f   xhb:set.obj
 0001:00028d00       _hb_setGetOptimize         00429d00 f   xhb:set.obj
 0001:00028d10       _hb_setGetPrinter          00429d10 f   xhb:set.obj
 0001:00028d20       _hb_setGetPrintFile        00429d20 f   xhb:set.obj
 0001:00028d30       _hb_setGetScoreBoard       00429d30 f   xhb:set.obj
 0001:00028d40       _hb_setGetScrollBreak      00429d40 f   xhb:set.obj
 0001:00028d50       _hb_setGetSoftSeek         00429d50 f   xhb:set.obj
 0001:00028d60       _hb_setGetStrictRead       00429d60 f   xhb:set.obj
 0001:00028d70       _hb_setGetTypeAhead        00429d70 f   xhb:set.obj
 0001:00028d80       _hb_setGetUnique           00429d80 f   xhb:set.obj
 0001:00028d90       _hb_setGetFileCase         00429d90 f   xhb:set.obj
 0001:00028da0       _hb_setGetDirCase          00429da0 f   xhb:set.obj
 0001:00028db0       _hb_setGetDirSeparator     00429db0 f   xhb:set.obj
 0001:00028dc0       _hb_setGetVideoMode        00429dc0 f   xhb:set.obj
 0001:00028dd0       _hb_setGetWrap             00429dd0 f   xhb:set.obj
 0001:00028de0       _hb_setGetDBFLockScheme    00429de0 f   xhb:set.obj
 0001:00028df0       _hb_setGetHardCommit       00429df0 f   xhb:set.obj
 0001:00028e00       _hb_setGetForceOpt         00429e00 f   xhb:set.obj
 0001:00028e10       _hb_setGetDefExtension     00429e10 f   xhb:set.obj
 0001:00028e20       _hb_setGetEOL              00429e20 f   xhb:set.obj
 0001:00028e30       _hb_setGetTrimFileName     00429e30 f   xhb:set.obj
 0001:00028e40       _hb_setGetOSCODEPAGE       00429e40 f   xhb:set.obj
 0001:00028e50       _hb_osEncodeCP             00429e50 f   xhb:set.obj
 0001:00028f10       _hb_osDecodeCP             00429f10 f   xhb:set.obj
 0001:00028fd0       _hb_setGetAppendError      00429fd0 f   xhb:set.obj
 0001:00028fe0       _hb_setGetErrorLog         00429fe0 f   xhb:set.obj
 0001:00028ff0       _hb_setGetTrace            00429ff0 f   xhb:set.obj
 0001:00029000       _hb_setGetTraceFile        0042a000 f   xhb:set.obj
 0001:00029010       _hb_setGetTraceStack       0042a010 f   xhb:set.obj
 0001:00029020       _hb_setGetErrorLoop        0042a020 f   xhb:set.obj
 0001:00029030       _hb_setGetOutputSafety     0042a030 f   xhb:set.obj
 0001:00029040       _hb_setGetBackgroundTasks  0042a040 f   xhb:set.obj
 0001:00029050       _hb_setGetWinPrinter       0042a050 f   xhb:set.obj
 0001:00029060       _hb_setGetWinHan           0042a060 f   xhb:set.obj
 0001:00029070       _hb_setGetPrinterJob       0042a070 f   xhb:set.obj
 0001:00029080       _hb_setGetBackGroundTick   0042a080 f   xhb:set.obj
 0001:00029090       _hb_setGetWorkareasShared  0042a090 f   xhb:set.obj
 0001:000290a0       _hb_winmainArgInit         0042a0a0 f   xhb:cmdarg.obj
 0001:000290d0       _hb_winmainArgGet          0042a0d0 f   xhb:cmdarg.obj
 0001:00029110       _hb_cmdargInit             0042a110 f   xhb:cmdarg.obj
 0001:00029130       _hb_cmdargARGC             0042a130 f   xhb:cmdarg.obj
 0001:00029140       _hb_cmdargARGV             0042a140 f   xhb:cmdarg.obj
 0001:00029150       _hb_cmdargIsInternal       0042a150 f   xhb:cmdarg.obj
 0001:000293a0       _hb_cmdargCheck            0042a3a0 f   xhb:cmdarg.obj
 0001:000293d0       _hb_cmdargString           0042a3d0 f   xhb:cmdarg.obj
 0001:000293f0       _hb_cmdargNum              0042a3f0 f   xhb:cmdarg.obj
 0001:00029430       _HB_FUN_HB_ARGCHECK        0042a430 f   xhb:cmdarg.obj
 0001:00029470       _HB_FUN_HB_ARGSTRING       0042a470 f   xhb:cmdarg.obj
 0001:000294c0       _HB_FUN_HB_ARGC            0042a4c0 f   xhb:cmdarg.obj
 0001:000294e0       _HB_FUN_HB_ARGV            0042a4e0 f   xhb:cmdarg.obj
 0001:00029540       _hb_cmdargProcessVM        0042a540 f   xhb:cmdarg.obj
 0001:00029740       _hb_verCvsID               0042a740 f   xhb:cmdarg.obj
 0001:00029750       _hb_verCvsChangeLogID      0042a750 f   xhb:cmdarg.obj
 0001:00029760       _hb_verCvsLastEntry        0042a760 f   xhb:cmdarg.obj
 0001:00029770       _hb_verFlagsC              0042a770 f   xhb:cmdarg.obj
 0001:00029780       _hb_verFlagsL              0042a780 f   xhb:cmdarg.obj
 0001:00029790       _hb_verFlagsPRG            0042a790 f   xhb:cmdarg.obj
 0001:000297a0       _HB_FUN_HB_CMDARGARGV      0042a7a0 f   xhb:cmdarg.obj
 0001:000297c0       _HB_FUN_EMPTY              0042a7c0 f   xhb:empty.obj
 0001:00029a20       _HB_FUN_VAL                0042aa20 f   xhb:val.obj
 0001:00029ef0       _hb_dbgEntry               0042aef0 f   xhb:dbgentry.obj
 0001:0002a3a0       _hb_dbgAddBreak            0042b3a0 f   xhb:dbgentry.obj
 0001:0002ab40       _hb_dbgAddWatch            0042bb40 f   xhb:dbgentry.obj
 0001:0002ac90       _hb_dbgDelBreak            0042bc90 f   xhb:dbgentry.obj
 0001:0002ad20       _hb_dbgDelWatch            0042bd20 f   xhb:dbgentry.obj
 0001:0002bd50       _hb_dbgGetExpressionValue  0042cd50 f   xhb:dbgentry.obj
 0001:0002bda0       _hb_dbgGetSourceFiles      0042cda0 f   xhb:dbgentry.obj
 0001:0002be10       _hb_dbgGetWatchValue       0042ce10 f   xhb:dbgentry.obj
 0001:0002bed0       _hb_dbgIsValidStopLine     0042ced0 f   xhb:dbgentry.obj
 0001:0002c120       _hb_dbgSetCBTrace          0042d120 f   xhb:dbgentry.obj
 0001:0002c130       _hb_dbgSetGo               0042d130 f   xhb:dbgentry.obj
 0001:0002c150       _hb_dbgSetInvoke           0042d150 f   xhb:dbgentry.obj
 0001:0002c160       _hb_dbgSetNextRoutine      0042d160 f   xhb:dbgentry.obj
 0001:0002c180       _hb_dbgSetQuit             0042d180 f   xhb:dbgentry.obj
 0001:0002c190       _hb_dbgSetToCursor         0042d190 f   xhb:dbgentry.obj
 0001:0002c1c0       _hb_dbgSetTrace            0042d1c0 f   xhb:dbgentry.obj
 0001:0002c1e0       _hb_dbgSetWatch            0042d1e0 f   xhb:dbgentry.obj
 0001:0002c490       _HB_FUN_HB_DBG_SETENTRY    0042d490 f   xhb:dbgentry.obj
 0001:0002c4a0       _HB_FUN_HB_DBG_SETGO       0042d4a0 f   xhb:dbgentry.obj
 0001:0002c4c0       _HB_FUN_HB_DBG_SETTRACE    0042d4c0 f   xhb:dbgentry.obj
 0001:0002c4e0       _HB_FUN_HB_DBG_SETCBTRACE  0042d4e0 f   xhb:dbgentry.obj
 0001:0002c510       _HB_FUN_HB_DBG_SETNEXTROUTINE 0042d510 f   xhb:dbgentry.obj
 0001:0002c530       _HB_FUN_HB_DBG_SETQUIT     0042d530 f   xhb:dbgentry.obj
 0001:0002c550       _HB_FUN_HB_DBG_SETTOCURSOR 0042d550 f   xhb:dbgentry.obj
 0001:0002c590       _HB_FUN_HB_DBG_GETEXPRVALUE 0042d590 f   xhb:dbgentry.obj
 0001:0002c640       _HB_FUN_HB_DBG_GETSOURCEFILES 0042d640 f   xhb:dbgentry.obj
 0001:0002c670       _HB_FUN_HB_DBG_ISVALIDSTOPLINE 0042d670 f   xhb:dbgentry.obj
 0001:0002c6c0       _HB_FUN_HB_DBG_ADDBREAK    0042d6c0 f   xhb:dbgentry.obj
 0001:0002c700       _HB_FUN_HB_DBG_DELBREAK    0042d700 f   xhb:dbgentry.obj
 0001:0002c730       _HB_FUN_HB_DBG_ADDWATCH    0042d730 f   xhb:dbgentry.obj
 0001:0002c770       _HB_FUN_HB_DBG_DELWATCH    0042d770 f   xhb:dbgentry.obj
 0001:0002c7a0       _HB_FUN_HB_DBG_SETWATCH    0042d7a0 f   xhb:dbgentry.obj
 0001:0002c950       _hb_clsInit                0042d950 f   xhb:classes.obj
 0001:0002cac0       _hb_clsDisableDestructors  0042dac0 f   xhb:classes.obj
 0001:0002cad0       _hb_clsDestructorsAllowed  0042dad0 f   xhb:classes.obj
 0001:0002cae0       _hb_clsClearAllClassDatas  0042dae0 f   xhb:classes.obj
 0001:0002cb20       _hb_clsClearAll            0042db20 f   xhb:classes.obj
 0001:0002cb60       _hb_clsReleaseAll          0042db60 f   xhb:classes.obj
 0001:0002cc10       _hb_clsIsClassRef          0042dc10 f   xhb:classes.obj
 0001:0002d150       _hb_clsIsParent            0042e150 f   xhb:classes.obj
 0001:0002d1d0       _hb_objGetClsName          0042e1d0 f   xhb:classes.obj
 0001:0002d2f0       _hb_clsName                0042e2f0 f   xhb:classes.obj
 0001:0002d320       _hb_objGetRealCls          0042e320 f   xhb:classes.obj
 0001:0002d3b0       _hb_objGetRealClsName      0042e3b0 f   xhb:classes.obj
 0001:0002d4f0       _hb_objGetOpOver           0042e4f0 f   xhb:classes.obj
 0001:0002d520       _hb_objGetClsSymbol        0042e520 f   xhb:classes.obj
 0001:0002d730       _hb_objGetMethod           0042e730 f   xhb:classes.obj
 0001:0002d780       _hb_objGetMthd             0042e780 f   xhb:classes.obj
 0001:0002da00       _hb_clsHasMsg              0042ea00 f   xhb:classes.obj
 0001:0002da90       _hb_objGetpMthd            0042ea90 f   xhb:classes.obj
 0001:0002dae0       _hb_objGetpMethod          0042eae0 f   xhb:classes.obj
 0001:0002db10       _hb_objHasMsg              0042eb10 f   xhb:classes.obj
 0001:0002db30       _hb_objHasMessage          0042eb30 f   xhb:classes.obj
 0001:0002eae0       _HB_FUN___CLSADDMSG        0042fae0 f   xhb:classes.obj
 0001:0002ed00       ___cls_CntMethods          0042fd00 f   xhb:classes.obj
 0001:0002f9f0       _HB_FUN___CLSNEW           004309f0 f   xhb:classes.obj
 0001:0002fb70       _hb_clsDeactiveClass       00430b70 f   xhb:classes.obj
 0001:0002fbe0       _HB_FUN___CLSISACTIVE      00430be0 f   xhb:classes.obj
 0001:0002fc40       _HB_FUN___CLSACTIVE        00430c40 f   xhb:classes.obj
 0001:0002fcd0       _HB_FUN___CLSSETMODULE     00430cd0 f   xhb:classes.obj
 0001:0002fd50       _HB_FUN___CLSDELMSG        00430d50 f   xhb:classes.obj
 0001:0002feb0       _HB_FUN___CLSINST          00430eb0 f   xhb:classes.obj
 0001:0002fed0       _hb_clsInst                00430ed0 f   xhb:classes.obj
 0001:00030330       _HB_FUN___CLSMODMSG        00431330 f   xhb:classes.obj
 0001:00030650       _HB_FUN___CLSMSGASSIGNED   00431650 f   xhb:classes.obj
 0001:00030720       _HB_FUN___OBJGETCLSNAME    00431720 f   xhb:classes.obj
 0001:00030750       _HB_FUN___CLSHASMSG        00431750 f   xhb:classes.obj
 0001:00030820       _HB_FUN___OBJHASMSG        00431820 f   xhb:classes.obj
 0001:000308c0       _hb_objClone               004318c0 f   xhb:classes.obj
 0001:000309c0       _HB_FUN___OBJCLONE         004319c0 f   xhb:classes.obj
 0001:00030a10       _hb_objSendMsg             00431a10 f   xhb:classes.obj
 0001:00030aa0       _hb_objSendSymbol          00431aa0 f   xhb:classes.obj
 0001:00030af0       _hb_objSendMessage         00431af0 f   xhb:classes.obj
 0001:00030b40       _HB_FUN___OBJSENDMSG       00431b40 f   xhb:classes.obj
 0001:00030c20       _HB_FUN___OBJSENDMSGCASE   00431c20 f   xhb:classes.obj
 0001:00030d00       _HB_FUN___CLSINSTSUPER     00431d00 f   xhb:classes.obj
 0001:00030e40       _HB_FUN___CLS_CNTCLSDATA   00431e40 f   xhb:classes.obj
 0001:00030ea0       _HB_FUN___CLS_CNTSHRDATA   00431ea0 f   xhb:classes.obj
 0001:00030ee0       _HB_FUN___CLS_CNTDATA      00431ee0 f   xhb:classes.obj
 0001:00030f30       _HB_FUN___CLS_DECDATA      00431f30 f   xhb:classes.obj
 0001:00030f80       _HB_FUN___CLS_INCDATA      00431f80 f   xhb:classes.obj
 0001:00031000       _HB_FUN___CLASSNAME        00432000 f   xhb:classes.obj
 0001:00031060       _HB_FUN___CLASSSEL         00432060 f   xhb:classes.obj
 0001:00031110       _HB_FUN___GETMEMBERS       00432110 f   xhb:classes.obj
 0001:00031330       _HB_FUN___GETMESSAGE       00432330 f   xhb:classes.obj
 0001:00031360       _HB_FUN___CLSPARENT        00432360 f   xhb:classes.obj
 0001:000313b0       _HB_FUN___SENDER           004323b0 f   xhb:classes.obj
 0001:00031430       _hb_objClassH              00432430 f   xhb:classes.obj
 0001:00031550       _HB_FUN___CLASSH           00432550 f   xhb:classes.obj
 0001:00031580       _HB_FUN___EVAL             00432580 f   xhb:classes.obj
 0001:00031c80       _hb___msgGetClsData        00432c80 f   xhb:classes.obj
 0001:00031cd0       _hb___msgSetClsData        00432cd0 f   xhb:classes.obj
 0001:00031d30       _hb___msgGetShrData        00432d30 f   xhb:classes.obj
 0001:00031d80       _hb___msgSetShrData        00432d80 f   xhb:classes.obj
 0001:00031df0       _hb___msgGetData           00432df0 f   xhb:classes.obj
 0001:00031e40       _hb___msgSetData           00432e40 f   xhb:classes.obj
 0001:00031f90       _hb_clsClassesArray        00432f90 f   xhb:classes.obj
 0001:00031fa0       _hb_clsMaxClasses          00432fa0 f   xhb:classes.obj
 0001:00031fb0       _HB_FUN___GETMSGPRF        00432fb0 f   xhb:classes.obj
 0001:00031fe0       _hb_mthAddTime             00432fe0 f   xhb:classes.obj
 0001:00031ff0       _hb_clsFinalize            00432ff0 f   xhb:classes.obj
 0001:000321b0       _HB_FUN___CLSGETPROPERTIES 004331b0 f   xhb:classes.obj
 0001:00032270       _HB_FUN___CLSGETPROPERTIESANDVALUES 00433270 f   xhb:classes.obj
 0001:00032380       _HB_FUN___CLSGETIVARNAMESANDVALUES 00433380 f   xhb:classes.obj
 0001:000324d0       _hb_clsSymbolFromFunction  004334d0 f   xhb:classes.obj
 0001:00032540       _HB_FUN_HB_OBJMSGPTR       00433540 f   xhb:classes.obj
 0001:000325e0       _hb_clsGetHandleFromName   004335e0 f   xhb:classes.obj
 0001:00032640       _HB_FUN___CLSGETHANDLEFROMNAME 00433640 f   xhb:classes.obj
 0001:00032740       _hb_clsSetModule           00433740 f   xhb:classes.obj
 0001:00032780       _HB_FUN___SETCLASSSCOPE    00433780 f   xhb:classes.obj
 0001:000327d0       _hb_clsSetScope            004337d0 f   xhb:classes.obj
 0001:000327f0       _HB_FUN___SETCLASSAUTOINIT 004337f0 f   xhb:classes.obj
 0001:00032980       _HB_FUN___CLSADDFRIEND     00433980 f   xhb:classes.obj
 0001:000329c0       _HB_FUN___CLSFRIENDLY      004339c0 f   xhb:classes.obj
 0001:00032ae0       _HB_FUN___CLSASSOCTYPE     00433ae0 f   xhb:classes.obj
 0001:00032cb0       _HB_FUN___CLSCNTCLASSES    00433cb0 f   xhb:classes.obj
 0001:00032cd0       _HB_FUN___CLSINSTNAME      00433cd0 f   xhb:classes.obj
 0001:00032db0       _hb_clsCreate              00433db0 f   xhb:classes.obj
 0001:00032de0       _hb_clsAdd                 00433de0 f   xhb:classes.obj
 0001:00032e10       _hb_clsAddData             00433e10 f   xhb:classes.obj
 0001:00032e40       _hb_clsAssociate           00433e40 f   xhb:classes.obj
 0001:00032e60       _hb_clsAddDataInit         00433e60 f   xhb:classes.obj
 0001:00032e90       _HB_FUN_AT                 00433e90 f   xhb:at.obj
 0001:00032ff0       _hb_AtSkipStrings          00433ff0 f   xhb:at.obj
 0001:000331a0       _HB_FUN_ATSKIPSTRINGS      004341a0 f   xhb:at.obj
 0001:00033230       _HB_FUN_SUBSTR             00434230 f   xhb:substr.obj
 0001:000333a0       _HB_FUN_LEFT               004343a0 f   xhb:left.obj
 0001:00033480       _HB_FUN_LEN                00434480 f   xhb:len.obj
 0001:00033560       _HB_FUN_ARRAY              00434560 f   xhb:arrayshb.obj
 0001:00033600       _HB_FUN_AADD               00434600 f   xhb:arrayshb.obj
 0001:00033740       _HB_FUN_HB_ARRAYID         00434740 f   xhb:arrayshb.obj
 0001:00033770       _HB_FUN_HB_THISARRAY       00434770 f   xhb:arrayshb.obj
 0001:000337d0       _HB_FUN_ASIZE              004347d0 f   xhb:arrayshb.obj
 0001:000338c0       _HB_FUN_ASIZEALLOC         004348c0 f   xhb:arrayshb.obj
 0001:00033930       _HB_FUN_ALENALLOC          00434930 f   xhb:arrayshb.obj
 0001:00033960       _HB_FUN_ATAIL              00434960 f   xhb:arrayshb.obj
 0001:00033990       _HB_FUN_AINS               00434990 f   xhb:arrayshb.obj
 0001:00033a90       _HB_FUN_HB_AINS            00434a90 f   xhb:arrayshb.obj
 0001:00033aa0       _HB_FUN_ADEL               00434aa0 f   xhb:arrayshb.obj
 0001:00033b80       _HB_FUN_AFILL              00434b80 f   xhb:arrayshb.obj
 0001:00033d90       _HB_FUN_ASCAN              00434d90 f   xhb:arrayshb.obj
 0001:00033e70       _HB_FUN_AEVAL              00434e70 f   xhb:arrayshb.obj
 0001:00033fc0       _HB_FUN_ACOPY              00434fc0 f   xhb:arrayshb.obj
 0001:000340e0       _HB_FUN_ACLONE             004350e0 f   xhb:arrayshb.obj
 0001:00034120       _HB_FUN_HB_APARAMS         00435120 f   xhb:arrayshb.obj
 0001:00034180       _HB_FUN_HB_AEXPRESSIONS    00435180 f   xhb:arrayshb.obj
 0001:00034430       _SizeOfCStructure          00435430 f   xhb:arrayshb.obj
 0001:00034770       _HB_FUN_HB_SIZEOFCSTRUCTURE 00435770 f   xhb:arrayshb.obj
 0001:00034810       _ArrayToStructure          00435810 f   xhb:arrayshb.obj
 0001:00036470       _HB_FUN_HB_ARRAYTOSTRUCTURE 00437470 f   xhb:arrayshb.obj
 0001:00036540       _StructureToArray          00437540 f   xhb:arrayshb.obj
 0001:00036e50       _HB_FUN_HB_STRUCTURETOARRAY 00437e50 f   xhb:arrayshb.obj
 0001:00036f60       _HB_FUN_RASCAN             00437f60 f   xhb:arrayshb.obj
 0001:000373f0       _HB_FUN_ASPLICE            004383f0 f   xhb:arrayshb.obj
 0001:00037760       _HB_FUN_AREMOVE            00438760 f   xhb:arrayshb.obj
 0001:00037770       _HB_FUN_AMERGE             00438770 f   xhb:arrayshb.obj
 0001:00038760       _HB_FUN_ERRORNEW           00439760 f   xhb:errorapi.obj
 0001:00038970       _HB_FUN___ERRINHANDLER     00439970 f   xhb:errorapi.obj
 0001:00038990       _HB_FUN_ERRORBLOCK         00439990 f   xhb:errorapi.obj
 0001:000389d0       _hb_errorBlock             004399d0 f   xhb:errorapi.obj
 0001:00038a00       _hb_errorHandler           00439a00 f   xhb:errorapi.obj
 0001:00038a30       _HB_FUN_DOSERROR           00439a30 f   xhb:errorapi.obj
 0001:00038a70       _hb_errInit                00439a70 f   xhb:errorapi.obj
 0001:00038ae0       _hb_errExit                00439ae0 f   xhb:errorapi.obj
 0001:00038b10       _hb_errNew                 00439b10 f   xhb:errorapi.obj
 0001:00038c60       _hb_errLaunch              00439c60 f   xhb:errorapi.obj
 0001:00038ef0       _hb_errLaunchSubst         00439ef0 f   xhb:errorapi.obj
 0001:000390c0       _hb_errRelease             0043a0c0 f   xhb:errorapi.obj
 0001:000390d0       _hb_errGetCargo            0043a0d0 f   xhb:errorapi.obj
 0001:000390f0       _hb_errPutCargo            0043a0f0 f   xhb:errorapi.obj
 0001:00039110       _hb_errGetArgs             0043a110 f   xhb:errorapi.obj
 0001:00039130       _hb_errPutArgsArray        0043a130 f   xhb:errorapi.obj
 0001:00039150       _hb_errGetDescription      0043a150 f   xhb:errorapi.obj
 0001:00039170       _hb_errPutDescription      0043a170 f   xhb:errorapi.obj
 0001:00039190       _hb_errGetFileName         0043a190 f   xhb:errorapi.obj
 0001:000391b0       _hb_errPutFileName         0043a1b0 f   xhb:errorapi.obj
 0001:000391d0       _hb_errGetGenCode          0043a1d0 f   xhb:errorapi.obj
 0001:000391f0       _hb_errPutGenCode          0043a1f0 f   xhb:errorapi.obj
 0001:00039210       _hb_errGetOperation        0043a210 f   xhb:errorapi.obj
 0001:00039230       _hb_errPutOperation        0043a230 f   xhb:errorapi.obj
 0001:00039280       _hb_errGetOsCode           0043a280 f   xhb:errorapi.obj
 0001:000392a0       _hb_errPutOsCode           0043a2a0 f   xhb:errorapi.obj
 0001:000392c0       _hb_errGetSeverity         0043a2c0 f   xhb:errorapi.obj
 0001:000392e0       _hb_errPutSeverity         0043a2e0 f   xhb:errorapi.obj
 0001:00039300       _hb_errGetSubCode          0043a300 f   xhb:errorapi.obj
 0001:00039320       _hb_errPutSubCode          0043a320 f   xhb:errorapi.obj
 0001:00039340       _hb_errGetSubSystem        0043a340 f   xhb:errorapi.obj
 0001:00039360       _hb_errPutSubSystem        0043a360 f   xhb:errorapi.obj
 0001:00039380       _hb_errGetProcName         0043a380 f   xhb:errorapi.obj
 0001:000393a0       _hb_errPutProcName         0043a3a0 f   xhb:errorapi.obj
 0001:000393c0       _hb_errGetProcLine         0043a3c0 f   xhb:errorapi.obj
 0001:000393e0       _hb_errPutProcLine         0043a3e0 f   xhb:errorapi.obj
 0001:00039400       _hb_errGetThreadId         0043a400 f   xhb:errorapi.obj
 0001:00039420       _hb_errPutThreadId         0043a420 f   xhb:errorapi.obj
 0001:00039440       _hb_errGetRunningThreads   0043a440 f   xhb:errorapi.obj
 0001:00039460       _hb_errPutRunningThreads   0043a460 f   xhb:errorapi.obj
 0001:00039480       _hb_errGetVmThreadId       0043a480 f   xhb:errorapi.obj
 0001:000394a0       _hb_errPutVmThreadId       0043a4a0 f   xhb:errorapi.obj
 0001:000394c0       _hb_errGetModuleName       0043a4c0 f   xhb:errorapi.obj
 0001:000394e0       _hb_errPutModuleName       0043a4e0 f   xhb:errorapi.obj
 0001:00039500       _hb_errGetCallStack        0043a500 f   xhb:errorapi.obj
 0001:00039520       _hb_errPutCallStack        0043a520 f   xhb:errorapi.obj
 0001:00039540       _hb_errGetTries            0043a540 f   xhb:errorapi.obj
 0001:00039560       _hb_errPutTries            0043a560 f   xhb:errorapi.obj
 0001:00039580       _hb_errGetFlags            0043a580 f   xhb:errorapi.obj
 0001:000395a0       _hb_errPutFlags            0043a5a0 f   xhb:errorapi.obj
 0001:00039630       _hb_errPutArgs             0043a630 f   xhb:errorapi.obj
 0001:00039680       _hb_errRT_New              0043a680 f   xhb:errorapi.obj
 0001:00039750       _hb_errRT_New_Subst        0043a750 f   xhb:errorapi.obj
 0001:00039830       _hb_errRT_SubstParams      0043a830 f   xhb:errorapi.obj
 0001:000398b0       _hb_errRT_FileError        0043a8b0 f   xhb:errorapi.obj
 0001:00039970       _HB_FUN___ERRRT_BASE       0043a970 f   xhb:errorapi.obj
 0001:000399e0       _HB_FUN___ERRRT_SBASE      0043a9e0 f   xhb:errorapi.obj
 0001:00039a50       _hb_errRT_BASE             0043aa50 f   xhb:errorapi.obj
 0001:00039b40       _hb_errRT_BASE_Ext1        0043ab40 f   xhb:errorapi.obj
 0001:00039c40       _hb_errRT_BASE_Subst       0043ac40 f   xhb:errorapi.obj
 0001:00039d30       _hb_errRT_BASE_SubstR      0043ad30 f   xhb:errorapi.obj
 0001:00039e20       _hb_errRT_TERM             0043ae20 f   xhb:errorapi.obj
 0001:00039e70       _hb_errRT_DBCMD            0043ae70 f   xhb:errorapi.obj
 0001:00039ed0       _hb_errRT_DBCMD_Ext        0043aed0 f   xhb:errorapi.obj
 0001:00039f20       _hb_errRT_TOOLS            0043af20 f   xhb:errorapi.obj
 0001:00039f70       _hb_errInternal            0043af70 f   xhb:errorapi.obj
 0001:0003a110       _HB_FUN_BREAK              0043b110 f   xhb:break.obj
 0001:0003a130       _HB_FUN_ISALPHA            0043b130 f   xhb:is.obj
 0001:0003a1e0       _HB_FUN_ISDIGIT            0043b1e0 f   xhb:is.obj
 0001:0003a230       _HB_FUN_ISUPPER            0043b230 f   xhb:is.obj
 0001:0003a2b0       _HB_FUN_ISLOWER            0043b2b0 f   xhb:is.obj
 0001:0003a330       _HB_FUN_ISALNUM            0043b330 f   xhb:is.obj
 0001:0003a3a0       _HB_FUN_ISCNTRL            0043b3a0 f   xhb:is.obj
 0001:0003a3e0       _HB_FUN_ISGRAPH            0043b3e0 f   xhb:is.obj
 0001:0003a420       _HB_FUN_ISPRINT            0043b420 f   xhb:is.obj
 0001:0003a460       _HB_FUN_ISPUNCT            0043b460 f   xhb:is.obj
 0001:0003a4a0       _HB_FUN_ISSPACE            0043b4a0 f   xhb:is.obj
 0001:0003a4e0       _HB_FUN_ISXDIGIT           0043b4e0 f   xhb:is.obj
 0001:0003a520       _HB_FUN_ISASCII            0043b520 f   xhb:is.obj
 0001:0003a560       _hb_strLower               0043b560 f   xhb:strcase.obj
 0001:0003a5e0       _hb_strLowerCopy           0043b5e0 f   xhb:strcase.obj
 0001:0003a680       _hb_strUpperCopy           0043b680 f   xhb:strcase.obj
 0001:0003a720       _hb_strUpper               0043b720 f   xhb:strcase.obj
 0001:0003a7a0       _hb_charLower              0043b7a0 f   xhb:strcase.obj
 0001:0003a7f0       _hb_charUpper              0043b7f0 f   xhb:strcase.obj
 0001:0003a840       _HB_FUN_LOWER              0043b840 f   xhb:strcase.obj
 0001:0003a8b0       _HB_FUN_UPPER              0043b8b0 f   xhb:strcase.obj
 0001:0003a920       _HB_FUN_VALTYPE            0043b920 f   xhb:valtype.obj
 0001:0003a950       _HB_FUN_ISNULL             0043b950 f   xhb:valtype.obj
 0001:0003a990       _HB_FUN_SETNULL            0043b990 f   xhb:valtype.obj
 0001:0003a9c0       _HB_FUN_HB_ISBYREF         0043b9c0 f   xhb:valtype.obj
 0001:0003aa20       _HB_FUN_HB_ISNIL           0043ba20 f   xhb:valtype.obj
 0001:0003aa60       _HB_FUN_HB_ISNUMERIC       0043ba60 f   xhb:valtype.obj
 0001:0003aa90       _HB_FUN_HB_ISLOGICAL       0043ba90 f   xhb:valtype.obj
 0001:0003aac0       _HB_FUN_HB_ISDATE          0043bac0 f   xhb:valtype.obj
 0001:0003aaf0       _HB_FUN_HB_ISDATETIME      0043baf0 f   xhb:valtype.obj
 0001:0003ab20       _HB_FUN_HB_ISTIMESTAMP     0043bb20 f   xhb:valtype.obj
 0001:0003ab50       _HB_FUN_HB_ISBLOCK         0043bb50 f   xhb:valtype.obj
 0001:0003ab80       _HB_FUN_HB_ISPOINTER       0043bb80 f   xhb:valtype.obj
 0001:0003abb0       _HB_FUN_HB_ISSTRING        0043bbb0 f   xhb:valtype.obj
 0001:0003abe0       _HB_FUN_HB_ISCHAR          0043bbe0 f   xhb:valtype.obj
 0001:0003ac10       _HB_FUN_HB_ISMEMO          0043bc10 f   xhb:valtype.obj
 0001:0003ac40       _HB_FUN_HB_ISARRAY         0043bc40 f   xhb:valtype.obj
 0001:0003ac90       _HB_FUN_HB_ISOBJECT        0043bc90 f   xhb:valtype.obj
 0001:0003acb0       _HB_FUN_HB_ISHASH          0043bcb0 f   xhb:valtype.obj
 0001:0003ace0       _HB_FUN_HB_ISNULL          0043bce0 f   xhb:valtype.obj
 0001:0003ade0       _HB_FUN_CSTR               0043bde0 f   xhb:cstr.obj
 0001:0003ae00       _HB_FUN_CSTRTOVAL          0043be00 f   xhb:cstr.obj
 0001:0003ae20       _HB_FUN_STRINGTOLITERAL    0043be20 f   xhb:cstr.obj
 0001:0003ae40       _HB_FUN_VALTOPRG           0043be40 f   xhb:cstr.obj
 0001:0003ae60       _HB_FUN_VALTOPRGEXP        0043be60 f   xhb:cstr.obj
 0001:0003ae80       _HB_FUN_PRGEXPTOVAL        0043be80 f   xhb:cstr.obj
 0001:0003aea0       _HB_FUN_VALTOARRAY         0043bea0 f   xhb:cstr.obj
 0001:0003aec0       _HB_FUN_VALTOBLOCK         0043bec0 f   xhb:cstr.obj
 0001:0003aee0       _HB_FUN_VALTOCHARACTER     0043bee0 f   xhb:cstr.obj
 0001:0003af00       _HB_FUN_VALTODATE          0043bf00 f   xhb:cstr.obj
 0001:0003af20       _HB_FUN_VALTOHASH          0043bf20 f   xhb:cstr.obj
 0001:0003af40       _HB_FUN_VALTOLOGICAL       0043bf40 f   xhb:cstr.obj
 0001:0003af60       _HB_FUN_VALTONUMBER        0043bf60 f   xhb:cstr.obj
 0001:0003af80       _HB_FUN_VALTOOBJECT        0043bf80 f   xhb:cstr.obj
 0001:0003afa0       _HB_FUN_VALTOTYPE          0043bfa0 f   xhb:cstr.obj
 0001:0003b0a0       _HB_FUN_HB_DBG_VMSTKGCOUNT 0043c0a0 f   xhb:debug.obj
 0001:0003b0c0       _HB_FUN_HB_DBG_VMSTKGLIST  0043c0c0 f   xhb:debug.obj
 0001:0003b1a0       _HB_FUN_HB_DBG_VMSTKLCOUNT 0043c1a0 f   xhb:debug.obj
 0001:0003b1d0       _HB_FUN_HB_DBG_VMSTKLLIST  0043c1d0 f   xhb:debug.obj
 0001:0003b260       _HB_FUN_HB_DBG_VMPARLLIST  0043c260 f   xhb:debug.obj
 0001:0003b320       _hb_dbg_vmVarLGet          0043c320 f   xhb:debug.obj
 0001:0003b3b0       _HB_FUN_HB_DBG_VMVARLGET   0043c3b0 f   xhb:debug.obj
 0001:0003b420       _HB_FUN_HB_DBG_VMVARLSET   0043c420 f   xhb:debug.obj
 0001:0003b4c0       _HB_FUN___VMSTKLCOUNT      0043c4c0 f   xhb:debug.obj
 0001:0003b4d0       _HB_FUN___VMPARLLIST       0043c4d0 f   xhb:debug.obj
 0001:0003b4e0       _HB_FUN___VMSTKLLIST       0043c4e0 f   xhb:debug.obj
 0001:0003b4f0       _HB_FUN___VMVARLGET        0043c4f0 f   xhb:debug.obj
 0001:0003b500       _HB_FUN___VMVARLSET        0043c500 f   xhb:debug.obj
 0001:0003b510       _HB_FUN___VMSTKGLIST       0043c510 f   xhb:debug.obj
 0001:0003b520       _HB_FUN___VMSTKGCOUNT      0043c520 f   xhb:debug.obj
 0001:0003b530       _hb_memvarsClear           0043c530 f   xhb:memvars.obj
 0001:0003b5b0       _hb_memvarsInit            0043c5b0 f   xhb:memvars.obj
 0001:0003b620       _hb_memvarsRelease         0043c620 f   xhb:memvars.obj
 0001:0003b6d0       _hb_memvarValueBaseAddress 0043c6d0 f   xhb:memvars.obj
 0001:0003b6e0       _hb_memvarValueNew         0043c6e0 f   xhb:memvars.obj
 0001:0003b7e0       _hb_memvarDetachLocal      0043c7e0 f   xhb:memvars.obj
 0001:0003b890       _hb_memvarGetPrivatesBase  0043c890 f   xhb:memvars.obj
 0001:0003b8b0       _hb_memvarSetPrivatesBase  0043c8b0 f   xhb:memvars.obj
 0001:0003b940       _hb_memvarValueIncRef      0043c940 f   xhb:memvars.obj
 0001:0003b9b0       _hb_memvarValueDecRef      0043c9b0 f   xhb:memvars.obj
 0001:0003ba10       _hb_memvarValueDecGarbageRef 0043ca10 f   xhb:memvars.obj
 0001:0003ba80       _hb_memvarSetValue         0043ca80 f   xhb:memvars.obj
 0001:0003bb60       _hb_memvarGet              0043cb60 f   xhb:memvars.obj
 0001:0003bbf0       _hb_memvarGetValue         0043cbf0 f   xhb:memvars.obj
 0001:0003bc80       _hb_memvarGetRefer         0043cc80 f   xhb:memvars.obj
 0001:0003bde0       _hb_memvarNewParameter     0043cde0 f   xhb:memvars.obj
 0001:0003be00       _hb_memvarGetStrValuePtr   0043ce00 f   xhb:memvars.obj
 0001:0003beb0       _hb_memvarCreateFromItem   0043ceb0 f   xhb:memvars.obj
 0001:0003c270       _hb_memvarScope            0043d270 f   xhb:memvars.obj
 0001:0003c390       _hb_memvarReleasePublic    0043d390 f   xhb:memvars.obj
 0001:0003c520       _HB_FUN___MVPUBLIC         0043d520 f   xhb:memvars.obj
 0001:0003c5c0       _HB_FUN___MVPRIVATE        0043d5c0 f   xhb:memvars.obj
 0001:0003c660       _HB_FUN___MVXRELEASE       0043d660 f   xhb:memvars.obj
 0001:0003c6f0       _HB_FUN___MVRELEASE        0043d6f0 f   xhb:memvars.obj
 0001:0003c790       _HB_FUN___MVSCOPE          0043d790 f   xhb:memvars.obj
 0001:0003c850       _HB_FUN___MVCLEAR          0043d850 f   xhb:memvars.obj
 0001:0003c860       _HB_FUN___MVDBGINFO        0043d860 f   xhb:memvars.obj
 0001:0003c960       _HB_FUN___MVEXIST          0043d960 f   xhb:memvars.obj
 0001:0003c9b0       _HB_FUN___MVGET            0043d9b0 f   xhb:memvars.obj
 0001:0003cab0       _HB_FUN___MVPUT            0043dab0 f   xhb:memvars.obj
 0001:0003cee0       _HB_FUN___MVSAVE           0043dee0 f   xhb:memvars.obj
 0001:0003d1a0       _HB_FUN___MVRESTORE        0043e1a0 f   xhb:memvars.obj
 0001:0003d970       _hb_memvarsIsMemvarRef     0043e970 f   xhb:memvars.obj
 0001:0003d9d0       _hb_memvarGetVarHandle     0043e9d0 f   xhb:memvars.obj
 0001:0003da00       _hb_memvarGetValueByHandle 0043ea00 f   xhb:memvars.obj
 0001:0003dac0       _HB_FUN___MVSYMBOLINFO     0043eac0 f   xhb:memvars.obj
 0001:0003db00       _hb_memvarGetValueBySym    0043eb00 f   xhb:memvars.obj
 0001:0003db30       _hb_dynsymLog              0043eb30 f   xhb:dynsym.obj
 0001:0003db70       _hb_symbolNew              0043eb70 f   xhb:dynsym.obj
 0001:0003dbe0       _hb_dynsymNew              0043ebe0 f   xhb:dynsym.obj
 0001:0003dd00       _hb_dynsymGet              0043ed00 f   xhb:dynsym.obj
 0001:0003ddd0       _hb_dynsymGetCase          0043edd0 f   xhb:dynsym.obj
 0001:0003de40       _hb_dynsymGetCaseWithNamespaces 0043ee40 f   xhb:dynsym.obj
 0001:0003deb0       _hb_dynsymGetWithNamespaces 0043eeb0 f   xhb:dynsym.obj
 0001:0003df20       _hb_dynsymFindName         0043ef20 f   xhb:dynsym.obj
 0001:0003dfa0       _hb_dynsymFind             0043efa0 f   xhb:dynsym.obj
 0001:0003e070       _hb_dynsymFindWithNamespaces 0043f070 f   xhb:dynsym.obj
 0001:0003e0e0       _hb_dynsymFindNameWithNamespaces 0043f0e0 f   xhb:dynsym.obj
 0001:0003e1d0       _hb_dynsymGetSymbol        0043f1d0 f   xhb:dynsym.obj
 0001:0003e1f0       _hb_dynsymFindSymbol       0043f1f0 f   xhb:dynsym.obj
 0001:0003e210       _hb_dynsymSymbol           0043f210 f   xhb:dynsym.obj
 0001:0003e220       _hb_dynsymName             0043f220 f   xhb:dynsym.obj
 0001:0003e230       _hb_dynsymIsFunction       0043f230 f   xhb:dynsym.obj
 0001:0003e250       _hb_dynsymMemvarHandle     0043f250 f   xhb:dynsym.obj
 0001:0003e260       _hb_dynsymAreaHandle       0043f260 f   xhb:dynsym.obj
 0001:0003e270       _hb_dynsymSetAreaHandle    0043f270 f   xhb:dynsym.obj
 0001:0003e280       _hb_dynsymEval             0043f280 f   xhb:dynsym.obj
 0001:0003e2c0       _hb_dynsymRelease          0043f2c0 f   xhb:dynsym.obj
 0001:0003e330       _hb_dynsymPos              0043f330 f   xhb:dynsym.obj
 0001:0003e360       _hb_dynsymItems            0043f360 f   xhb:dynsym.obj
 0001:0003e370       _hb_dynsymCount            0043f370 f   xhb:dynsym.obj
 0001:0003e380       _HB_FUN___DYNSCOUNT        0043f380 f   xhb:dynsym.obj
 0001:0003e3a0       _HB_FUN___DYNSGETNAME      0043f3a0 f   xhb:dynsym.obj
 0001:0003e3f0       _HB_FUN___DYNSGETINDEX     0043f3f0 f   xhb:dynsym.obj
 0001:0003e430       _HB_FUN___DYNSISFUN        0043f430 f   xhb:dynsym.obj
 0001:0003e490       _HB_FUN___DYNSGETPRF       0043f490 f   xhb:dynsym.obj
 0001:0003e4c0       _hb_stack_init             0043f4c0 f   xhb:estack.obj
 0001:0003e580       _hb_stackInit              0043f580 f   xhb:estack.obj
 0001:0003e5c0       _hb_stackFree              0043f5c0 f   xhb:estack.obj
 0001:0003e690       _hb_stackSetStruct         0043f690 f   xhb:estack.obj
 0001:0003e6a0       _hb_stackPop               0043f6a0 f   xhb:estack.obj
 0001:0003e700       _hb_stackPopReturn         0043f700 f   xhb:estack.obj
 0001:0003e770       _hb_stackDec               0043f770 f   xhb:estack.obj
 0001:0003e7a0       _hb_stackDecrease          0043f7a0 f   xhb:estack.obj
 0001:0003e7e0       _hb_stackPush              0043f7e0 f   xhb:estack.obj
 0001:0003e810       _hb_stackAllocItem         0043f810 f   xhb:estack.obj
 0001:0003e840       _hb_stackPushReturn        0043f840 f   xhb:estack.obj
 0001:0003e890       _hb_stackIncrease          0043f890 f   xhb:estack.obj
 0001:0003e960       _hb_stackRemove            0043f960 f   xhb:estack.obj
 0001:0003e990       _hb_stackNewFrame          0043f990 f   xhb:estack.obj
 0001:0003ea00       _hb_stackOldFrame          0043fa00 f   xhb:estack.obj
 0001:0003eb10       _hb_stackClearPrivateBases 0043fb10 f   xhb:estack.obj
 0001:0003eb50       _hb_stackTopOffset         0043fb50 f   xhb:estack.obj
 0001:0003eb70       _hb_stackBaseOffset        0043fb70 f   xhb:estack.obj
 0001:0003eb90       _hb_stackBaseProcOffset    0043fb90 f   xhb:estack.obj
 0001:0003ebf0       _hb_stackTotalItems        0043fbf0 f   xhb:estack.obj
 0001:0003ec00       _hb_stackIOErrors          0043fc00 f   xhb:estack.obj
 0001:0003ec10       _hb_stackRDD               0043fc10 f   xhb:estack.obj
 0001:0003ec20       _hb_stackRDDTLS            0043fc20 f   xhb:estack.obj
 0001:0003ec30       _hb_stackGetStaticsBase    0043fc30 f   xhb:estack.obj
 0001:0003ec40       _hb_stackSetStaticsBase    0043fc40 f   xhb:estack.obj
 0001:0003ec50       _hb_stackItemBasePtr       0043fc50 f   xhb:estack.obj
 0001:0003ec60       _hb_stackItem              0043fc60 f   xhb:estack.obj
 0001:0003ec90       _hb_stackItemFromTop       0043fc90 f   xhb:estack.obj
 0001:0003ecc0       _hb_stackItemFromBase      0043fcc0 f   xhb:estack.obj
 0001:0003ecf0       _hb_stackLocalVariable     0043fcf0 f   xhb:estack.obj
 0001:0003ed20       _hb_stackTopItem           0043fd20 f   xhb:estack.obj
 0001:0003ed30       _hb_stackBaseItem          0043fd30 f   xhb:estack.obj
 0001:0003ed40       _hb_stackSelfItem          0043fd40 f   xhb:estack.obj
 0001:0003ed50       _hb_stackReturnItem        0043fd50 f   xhb:estack.obj
 0001:0003ed60       _hb_stackDateBuffer        0043fd60 f   xhb:estack.obj
 0001:0003ed70       _hb_stackGetBase           0043fd70 f   xhb:estack.obj
 0001:0003edf0       _hb_stackGetActionRequest  0043fdf0 f   xhb:estack.obj
 0001:0003ee00       _hb_stackSetActionRequest  0043fe00 f   xhb:estack.obj
 0001:0003ee20       _hb_stackDispLocal         0043fe20 f   xhb:estack.obj
 0001:0003f100       _hb_stackDispCall          00440100 f   xhb:estack.obj
 0001:0003f210       _hb_itemNew                00440210 f   xhb:itemapi.obj
 0001:0003f230       _hb_itemParam              00440230 f   xhb:itemapi.obj
 0001:0003f250       _hb_itemParamPtr           00440250 f   xhb:itemapi.obj
 0001:0003f270       _hb_itemPCount             00440270 f   xhb:itemapi.obj
 0001:0003f290       _hb_itemRelease            00440290 f   xhb:itemapi.obj
 0001:0003f2b0       _hb_itemArrayNew           004402b0 f   xhb:itemapi.obj
 0001:0003f2d0       _hb_itemArrayGet           004402d0 f   xhb:itemapi.obj
 0001:0003f300       _hb_itemArrayPut           00440300 f   xhb:itemapi.obj
 0001:0003f330       _hb_itemSetCMemo           00440330 f   xhb:itemapi.obj
 0001:0003f350       _hb_itemGetC               00440350 f   xhb:itemapi.obj
 0001:0003f3a0       _hb_itemGetCPtr            004403a0 f   xhb:itemapi.obj
 0001:0003f3d0       _hb_itemGetCLen            004403d0 f   xhb:itemapi.obj
 0001:0003f400       _hb_itemCopyC              00440400 f   xhb:itemapi.obj
 0001:0003f450       _hb_itemFreeC              00440450 f   xhb:itemapi.obj
 0001:0003f470       _hb_itemGetDS              00440470 f   xhb:itemapi.obj
 0001:0003f4b0       _hb_itemGetDTS             004404b0 f   xhb:itemapi.obj
 0001:0003f4f0       _hb_itemGetDL              004404f0 f   xhb:itemapi.obj
 0001:0003f510       _hb_itemGetT               00440510 f   xhb:itemapi.obj
 0001:0003f530       _hb_itemGetTsec            00440530 f   xhb:itemapi.obj
 0001:0003f560       _hb_itemGetDTsec           00440560 f   xhb:itemapi.obj
 0001:0003f5a0       _hb_itemGetDTD             004405a0 f   xhb:itemapi.obj
 0001:0003f5e0       _hb_itemGetDTL             004405e0 f   xhb:itemapi.obj
 0001:0003f620       _hb_itemGetD               00440620 f   xhb:itemapi.obj
 0001:0003f680       _hb_itemGetDT              00440680 f   xhb:itemapi.obj
 0001:0003f720       _hb_itemGetL               00440720 f   xhb:itemapi.obj
 0001:0003f820       _hb_itemGetND              00440820 f   xhb:itemapi.obj
 0001:0003f8f0       _hb_itemGetNDDec           004408f0 f   xhb:itemapi.obj
 0001:0003f9f0       _hb_itemGetNI              004409f0 f   xhb:itemapi.obj
 0001:0003faa0       _hb_itemGetNL              00440aa0 f   xhb:itemapi.obj
 0001:0003fb50       _hb_itemGetPtr             00440b50 f   xhb:itemapi.obj
 0001:0003fb70       _hb_itemGetPtrGC           00440b70 f   xhb:itemapi.obj
 0001:0003fbb0       _hb_itemGetSymbol          00440bb0 f   xhb:itemapi.obj
 0001:0003fbe0       _hb_itemPutDate            00440be0 f   xhb:itemapi.obj
 0001:0003fc30       _hb_itemPutDS              00440c30 f   xhb:itemapi.obj
 0001:0003fc50       _hb_itemPutDTS             00440c50 f   xhb:itemapi.obj
 0001:0003fc90       _hb_itemPutD               00440c90 f   xhb:itemapi.obj
 0001:0003fcc0       _hb_itemPutDT              00440cc0 f   xhb:itemapi.obj
 0001:0003fd20       _hb_itemPutTDT             00440d20 f   xhb:itemapi.obj
 0001:0003fd70       _hb_itemPutDL              00440d70 f   xhb:itemapi.obj
 0001:0003fd90       _hb_itemPutDTL             00440d90 f   xhb:itemapi.obj
 0001:0003fdd0       _hb_itemPutDTsec           00440dd0 f   xhb:itemapi.obj
 0001:0003fe20       _hb_itemPutDTD             00440e20 f   xhb:itemapi.obj
 0001:0003fe60       _hb_itemPutL               00440e60 f   xhb:itemapi.obj
 0001:0003feb0       _hb_itemPutND              00440eb0 f   xhb:itemapi.obj
 0001:0003fed0       _hb_itemPutNDDec           00440ed0 f   xhb:itemapi.obj
 0001:0003ff70       _hb_itemPutNI              00440f70 f   xhb:itemapi.obj
 0001:0003ffe0       _hb_itemPutNL              00440fe0 f   xhb:itemapi.obj
 0001:00040050       _hb_itemPutNLen            00441050 f   xhb:itemapi.obj
 0001:00040150       _hb_itemPutNDLen           00441150 f   xhb:itemapi.obj
 0001:00040200       _hb_itemPutNILen           00441200 f   xhb:itemapi.obj
 0001:00040280       _hb_itemPutNLLen           00441280 f   xhb:itemapi.obj
 0001:00040300       _hb_itemPutSymbol          00441300 f   xhb:itemapi.obj
 0001:00040380       _hb_itemGetNLen            00441380 f   xhb:itemapi.obj
 0001:00040430       _hb_itemSize               00441430 f   xhb:itemapi.obj
 0001:00040480       _hb_itemType               00441480 f   xhb:itemapi.obj
 0001:000404a0       _hb_itemTypeStr            004414a0 f   xhb:itemapi.obj
 0001:00040650       _hb_itemUnRef              00441650 f   xhb:itemapi.obj
 0001:00040680       _hb_itemUnRefOnce          00441680 f   xhb:itemapi.obj
 0001:000407b0       _hb_itemUnShareString      004417b0 f   xhb:itemapi.obj
 0001:00040870       _hb_itemUnShare            00441870 f   xhb:itemapi.obj
 0001:000408b0       _hb_itemGetWriteCL         004418b0 f   xhb:itemapi.obj
 0001:00040910       _hb_itemClone              00441910 f   xhb:itemapi.obj
 0001:00040960       _hb_itemStrCmp             00441960 f   xhb:itemapi.obj
 0001:00040aa0       _hb_itemStrBuf             00441aa0 f   xhb:itemapi.obj
 0001:00041090       _hb_itemStr                00442090 f   xhb:itemapi.obj
 0001:00041180       _hb_itemString             00442180 f   xhb:itemapi.obj
 0001:00041420       _hb_itemPadConv            00442420 f   xhb:itemapi.obj
 0001:00041500       _hb_itemValToStr           00442500 f   xhb:itemapi.obj
 0001:00041550       _hb_itemGetNLL             00442550 f   xhb:itemapi.obj
 0001:00041600       _hb_itemPutNLL             00442600 f   xhb:itemapi.obj
 0001:00041690       _hb_itemPutNLLLen          00442690 f   xhb:itemapi.obj
 0001:00041730       _hb_itemPutNInt            00442730 f   xhb:itemapi.obj
 0001:00041790       _hb_itemPutNIntLen         00442790 f   xhb:itemapi.obj
 0001:00041800       _hb_itemGetNInt            00442800 f   xhb:itemapi.obj
 0001:000418b0       _hb_itemPutHBLong          004428b0 f   xhb:itemapi.obj
 0001:00041940       _hb_itemPutNumType         00442940 f   xhb:itemapi.obj
 0001:00041a00       _hb_itemPutNull            00442a00 f   xhb:itemapi.obj
 0001:00041a20       _hb_param                  00442a20 f   xhb:extend.obj
 0001:00041ad0       _hb_paramError             00442ad0 f   xhb:extend.obj
 0001:00041b00       _hb_extIsArray             00442b00 f   xhb:extend.obj
 0001:00041b70       _hb_extIsObject            00442b70 f   xhb:extend.obj
 0001:00041c00       _hb_parc                   00442c00 f   xhb:extend.obj
 0001:00041ca0       _hb_parcx                  00442ca0 f   xhb:extend.obj
 0001:00041d50       _hb_parclen                00442d50 f   xhb:extend.obj
 0001:00041df0       _hb_parcsiz                00442df0 f   xhb:extend.obj
 0001:00041e90       _hb_pards                  00442e90 f   xhb:extend.obj
 0001:00041f50       _hb_pardts                 00442f50 f   xhb:extend.obj
 0001:00042010       _hb_pardsbuff              00443010 f   xhb:extend.obj
 0001:000420d0       _hb_pardl                  004430d0 f   xhb:extend.obj
 0001:00042170       _hb_pardtsbuff             00443170 f   xhb:extend.obj
 0001:00042230       _hb_part                   00443230 f   xhb:extend.obj
 0001:000422d0       _hb_pardtsec               004432d0 f   xhb:extend.obj
 0001:00042380       _hb_pardtd                 00443380 f   xhb:extend.obj
 0001:00042430       _hb_parl                   00443430 f   xhb:extend.obj
 0001:000425b0       _hb_parnd                  004435b0 f   xhb:extend.obj
 0001:000426b0       _hb_parni                  004436b0 f   xhb:extend.obj
 0001:000427a0       _hb_parnl                  004437a0 f   xhb:extend.obj
 0001:000428a0       _hb_parnint                004438a0 f   xhb:extend.obj
 0001:000429b0       _hb_parptr                 004439b0 f   xhb:extend.obj
 0001:00042a50       _hb_parptrGC               00443a50 f   xhb:extend.obj
 0001:00042b30       _hb_parinfa                00443b30 f   xhb:extend.obj
 0001:00042b70       _hb_parinfo                00443b70 f   xhb:extend.obj
[...]
 0001:000b3550       _hb_fptCountFlexItemLength 004b4550 f   DBF:dbffpt1.obj
 0001:000b37ae       _hb_fptStoreFlexItem       004b47ae f   DBF:dbffpt1.obj
 0001:000b3c83       _hb_fptReadFlexItem        004b4c83 f   DBF:dbffpt1.obj
 0001:000b4706       _hb_fptCopyToRawFile       004b5706 f   DBF:dbffpt1.obj
 0001:000b18fc       _hb_fptGetMemoLen          004b28fc f   DBF:dbffpt1.obj
 0001:000b0df9       _hb_fptInitGCdata          004b1df9 f   DBF:dbffpt1.obj
 0001:000b0e4e       _hb_fptReadGCdata          004b1e4e f   DBF:dbffpt1.obj
 0001:000b0830       _hb_fptGCfreeBlock         004b1830 f   DBF:dbffpt1.obj
 0001:000b126a       _hb_fptWriteGCdata         004b226a f   DBF:dbffpt1.obj
 0001:000b5646       _hb_fptWriteMemo           004b6646 f   DBF:dbffpt1.obj
 0001:000b6317       _hb_fptLockForRead         004b7317 f   DBF:dbffpt1.obj
 0001:000b4a47       _hb_fptReadRawBlock        004b5a47 f   DBF:dbffpt1.obj
 0001:000b4c9d       _hb_fptReadSMTBlock        004b5c9d f   DBF:dbffpt1.obj
 0001:000b4b0c       _hb_fptReadBlobBlock       004b5b0c f   DBF:dbffpt1.obj
 0001:000b4dbd       _hb_fptGetMemo             004b5dbd f   DBF:dbffpt1.obj
 0001:000b0140       _hb_fptFileUnLockSh        004b1140 f   DBF:dbffpt1.obj
 0001:000afe00       _hb_memoErrorRT            004b0e00 f   DBF:dbffpt1.obj
 0001:000aff9e       _hb_fptFileLockEx          004b0f9e f   DBF:dbffpt1.obj
 0001:000b00e1       _hb_fptFileUnLockEx        004b10e1 f   DBF:dbffpt1.obj
 0001:000b5c65       _hb_fptPutMemo             004b6c65 f   DBF:dbffpt1.obj
 0001:000b6342       _hb_fptGetVarField         004b7342 f   DBF:dbffpt1.obj
 0001:000b6c9a       _hb_fptPutVarField         004b7c9a f   DBF:dbffpt1.obj
 0001:000b003d       _hb_fptFileLockSh          004b103d f   DBF:dbffpt1.obj
 0001:000b489f       _hb_fptCopyToFile          004b589f f   DBF:dbffpt1.obj
 0001:000b8bc3       _hb_fptDoPackRec           004b9bc3 f   DBF:dbffpt1.obj
 0001:000aff32       _hb_memoDefaultFileExt     004b0f32 f   DBF:dbffpt1.obj
 0001:000b912d       _hb_fptDoPack              004ba12d f   DBF:dbffpt1.obj
 0001:000b6981       _hb_fptGetVarFile          004b7981 f   DBF:dbffpt1.obj
 0001:000b6ac8       _hb_fptPutVarFile          004b7ac8 f   DBF:dbffpt1.obj
 0001:000b02a2       _hb_fptGetRootBlock        004b12a2 f   DBF:dbffpt1.obj
 0001:000b0318       _hb_fptPutRootBlock        004b1318 f   DBF:dbffpt1.obj
 0001:000b01eb       _hb_fptRootBlockLock       004b11eb f   DBF:dbffpt1.obj
 0001:000b0243       _hb_fptRootBlockUnLock     004b1243 f   DBF:dbffpt1.obj
 0001:000b1a8a       _hb_fptGetMemoType         004b2a8a f   DBF:dbffpt1.obj
 0001:000baadc       _hb_dbffptRegisterRDD      004bbadc f   DBF:dbffpt1.obj
 0001:000baba4       _hb_dbffptRddInit          004bbba4 f   DBF:dbffpt1.obj
 0001:000ba3d0       _hb_fptFieldInfo           004bb3d0 f   DBF:dbffpt1.obj
 0001:000b765f       _hb_fptGetValue            004b865f f   DBF:dbffpt1.obj
 0001:000b7578       _hb_fptGetVarLen           004b8578 f   DBF:dbffpt1.obj
 0001:000b76f1       _hb_fptPutValue            004b86f1 f   DBF:dbffpt1.obj
 0001:000b9a8f       _hb_fptInfo                004baa8f f   DBF:dbffpt1.obj
 0001:000b7566       _hb_fptStructSize          004b8566 f   DBF:dbffpt1.obj
 0001:000b9741       _hb_fptPack                004ba741 f   DBF:dbffpt1.obj
 0001:000b968a       _hb_fptPackRec             004ba68a f   DBF:dbffpt1.obj
 0001:000b7781       _hb_fptCreateMemFile       004b8781 f   DBF:dbffpt1.obj
 0001:000b7f7a       _hb_fptGetValueFile        004b8f7a f   DBF:dbffpt1.obj
 0001:000b8169       _hb_fptOpenMemFile         004b9169 f   DBF:dbffpt1.obj
 0001:000b86d9       _hb_fptPutValueFile        004b96d9 f   DBF:dbffpt1.obj
 0001:000ba688       _hb_fptRddInfo             004bb688 f   DBF:dbffpt1.obj
 0001:000bac4d       __hb_dbffpt_rdd_init_      004bbc4d f   DBF:dbffpt1.obj
 0001:000bac09       _dbffpt1__InitSymbols      004bbc09 f   DBF:dbffpt1.obj
 0001:000bac70       _hb_sxInitSeed             004bbc70 f   DBF:sxcrypt.obj
 0001:000bacde       _hb_sxNextSeed             004bbcde f   DBF:sxcrypt.obj
 0001:000baf02       __hb_sxGetKey              004bbf02 f   DBF:sxcrypt.obj
 0001:000bb4e0       _hb_dbQSortIsLess          004bc4e0 f   DBF:hbdbsort.obj
 0001:000bb880       _hb_dbQSortSwap            004bc880 f   DBF:hbdbsort.obj
 0001:000bb9a2       _hb_dbQSortDo              004bc9a2 f   DBF:hbdbsort.obj
 0001:000bbecd       _hb_ntxKeyNew              004bcecd f   NTX:dbfntx1.obj
 0001:000bbfa3       _hb_ntxItemType            004bcfa3 f   NTX:dbfntx1.obj
 0001:000bbd14       _hb_ntxNumToStr            004bcd14 f   NTX:dbfntx1.obj
 0001:000bbdc0       _hb_ntxStrToNum            004bcdc0 f   NTX:dbfntx1.obj
 0001:000bc33e       _hb_ntxKeyGetItem          004bd33e f   NTX:dbfntx1.obj
 0001:000bc0c5       _hb_ntxKeyPutItem          004bd0c5 f   NTX:dbfntx1.obj
 0001:000bc7f9       _hb_ntxValCompare          004bd7f9 f   NTX:dbfntx1.obj
 0001:000bc951       _hb_ntxInTopScope          004bd951 f   NTX:dbfntx1.obj
 0001:000bca23       _hb_ntxInBottomScope       004bda23 f   NTX:dbfntx1.obj
 0001:000bc095       _hb_ntxItemTypeCmp         004bd095 f   NTX:dbfntx1.obj
 0001:000bcb4d       _hb_ntxTagClearScope       004bdb4d f   NTX:dbfntx1.obj
 0001:000bbc00       _hb_ntxErrorRT             004bcc00 f   NTX:dbfntx1.obj
 0001:000bd0f6       _hb_ntxBlockWrite          004be0f6 f   NTX:dbfntx1.obj
 0001:000bd038       _hb_ntxBlockRead           004be038 f   NTX:dbfntx1.obj
 0001:000bd2c5       _hb_ntxTagUpdateFlags      004be2c5 f   NTX:dbfntx1.obj
 0001:000bd485       _hb_ntxFreePageBuffer      004be485 f   NTX:dbfntx1.obj
 0001:000bd3e8       _hb_ntxTagHeaderCheck      004be3e8 f   NTX:dbfntx1.obj
 0001:000bd5b9       _hb_ntxPageFind            004be5b9 f   NTX:dbfntx1.obj
 0001:000bd629       _hb_ntxPageGetBuffer       004be629 f   NTX:dbfntx1.obj
 0001:000bd901       _hb_ntxPageRelease         004be901 f   NTX:dbfntx1.obj
 0001:000bd9ed       _hb_ntxPageLoad            004be9ed f   NTX:dbfntx1.obj
 0001:000bdb7d       _hb_ntxPageInit            004beb7d f   NTX:dbfntx1.obj
 0001:000bdbfc       _hb_ntxPageAlloc           004bebfc f   NTX:dbfntx1.obj
 0001:000bd8ba       _hb_ntxPageFree            004be8ba f   NTX:dbfntx1.obj
 0001:000bd1aa       _hb_ntxPageSave            004be1aa f   NTX:dbfntx1.obj
 0001:000bdc95       _hb_ntxPageNew             004bec95 f   NTX:dbfntx1.obj
 0001:000be032       _hb_ntxTagFree             004bf032 f   NTX:dbfntx1.obj
 0001:000bde3a       _hb_ntxTagNew              004bee3a f   NTX:dbfntx1.obj
 0001:000bc5f0       _hb_ntxGetKeyType          004bd5f0 f   NTX:dbfntx1.obj
 0001:000bdde7       _hb_ntxPageGetFree         004bede7 f   NTX:dbfntx1.obj
 0001:000be69e       _hb_ntxIndexTagAdd         004bf69e f   NTX:dbfntx1.obj
 0001:000bdd7a       _hb_ntxPageAddFree         004bed7a f   NTX:dbfntx1.obj
 0001:000be2ee       _hb_ntxTagLoad             004bf2ee f   NTX:dbfntx1.obj
 0001:000be256       _hb_ntxTagAdd              004bf256 f   NTX:dbfntx1.obj
 0001:000bd218       _hb_ntxDiscardBuffers      004be218 f   NTX:dbfntx1.obj
 0001:000be844       _hb_ntxIndexTagFind        004bf844 f   NTX:dbfntx1.obj
 0001:000be8b0       _hb_ntxTagHeaderSave       004bf8b0 f   NTX:dbfntx1.obj
 0001:000bef73       _hb_ntxIndexHeaderSave     004bff73 f   NTX:dbfntx1.obj
 0001:000bf2d7       _hb_ntxIndexHeaderRead     004c02d7 f   NTX:dbfntx1.obj
 0001:000bf539       _hb_ntxIndexFlush          004c0539 f   NTX:dbfntx1.obj
 0001:000bf66f       _hb_ntxIndexLockRead       004c066f f   NTX:dbfntx1.obj
 0001:000bf8cf       _hb_ntxIndexUnLockRead     004c08cf f   NTX:dbfntx1.obj
 0001:000bf795       _hb_ntxIndexLockWrite      004c0795 f   NTX:dbfntx1.obj
 0001:000bf9b3       _hb_ntxIndexUnLockWrite    004c09b3 f   NTX:dbfntx1.obj
 0001:000bfc30       _hb_ntxTagSetPageStack     004c0c30 f   NTX:dbfntx1.obj
 0001:000bfce6       _hb_ntxPageTopMove         004c0ce6 f   NTX:dbfntx1.obj
 0001:000bfbb8       _hb_ntxPageGetKey          004c0bb8 f   NTX:dbfntx1.obj
 0001:000bfd6d       _hb_ntxPageBottomMove      004c0d6d f   NTX:dbfntx1.obj
 0001:000c0358       _hb_ntxPageKeyFind         004c1358 f   NTX:dbfntx1.obj
 0001:000c0542       _hb_ntxPageFindRecNo       004c1542 f   NTX:dbfntx1.obj
 0001:000bff67       _hb_ntxTagNextKey          004c0f67 f   NTX:dbfntx1.obj
 0001:000c0173       _hb_ntxTagPrevKey          004c1173 f   NTX:dbfntx1.obj
 0001:000c09bf       _hb_ntxPageKeySet          004c19bf f   NTX:dbfntx1.obj
 0001:000c0abf       _hb_ntxPageKeyDel          004c1abf f   NTX:dbfntx1.obj
 0001:000c059e       _hb_ntxTagKeyFind          004c159e f   NTX:dbfntx1.obj
 0001:000bbf4b       _hb_ntxKeyCopy             004bcf4b f   NTX:dbfntx1.obj
 0001:000c0a1f       _hb_ntxPageKeyAdd          004c1a1f f   NTX:dbfntx1.obj
 0001:000c1001       _hb_ntxBalancePages        004c2001 f   NTX:dbfntx1.obj
 0001:000c0b42       _hb_ntxPageSplit           004c1b42 f   NTX:dbfntx1.obj
 0001:000c0ea0       _hb_ntxPageJoin            004c1ea0 f   NTX:dbfntx1.obj
 0001:000bc6d0       _hb_ntxEvalKey             004bd6d0 f   NTX:dbfntx1.obj
 0001:000bcaf5       _hb_ntxKeyInScope          004bdaf5 f   NTX:dbfntx1.obj
 0001:000bcfee       _hb_ntxCheckRecordScope    004bdfee f   NTX:dbfntx1.obj
 0001:000bfec5       _hb_ntxTagBottomKey        004c0ec5 f   NTX:dbfntx1.obj
 0001:000bfe34       _hb_ntxTagTopKey           004c0e34 f   NTX:dbfntx1.obj
 0001:000c2264       _hb_ntxTagSkipFilter       004c3264 f   NTX:dbfntx1.obj
 0001:000c23d4       _hb_ntxTagGoTop            004c33d4 f   NTX:dbfntx1.obj
 0001:000c24dc       _hb_ntxTagGoBottom         004c34dc f   NTX:dbfntx1.obj
 0001:000c2830       _hb_ntxPageCountKeys       004c3830 f   NTX:dbfntx1.obj
 0001:000c2bbf       _hb_ntxTagPagesFree        004c3bbf f   NTX:dbfntx1.obj
 0001:000be78f       _hb_ntxIndexTagDel         004bf78f f   NTX:dbfntx1.obj
 0001:000be16b       _hb_ntxTagDelete           004bf16b f   NTX:dbfntx1.obj
 0001:000c301b       _hb_ntxFindBag             004c401b f   NTX:dbfntx1.obj
 0001:000c316b       _hb_ntxFindTagByName       004c416b f   NTX:dbfntx1.obj
 0001:000bfa8a       _hb_ntxTagLockRead         004c0a8a f   NTX:dbfntx1.obj
 0001:000bcefd       _hb_ntxTagRefreshScope     004bdefd f   NTX:dbfntx1.obj
 0001:000c25e4       _hb_ntxTagSkipNext         004c35e4 f   NTX:dbfntx1.obj
 0001:000bfb8a       _hb_ntxTagUnLockRead       004c0b8a f   NTX:dbfntx1.obj
 0001:000c1fa2       _hb_ntxCurKeyRefresh       004c2fa2 f   NTX:dbfntx1.obj
 0001:000c2721       _hb_ntxTagSkipPrev         004c3721 f   NTX:dbfntx1.obj
 0001:000c28db       _hb_ntxTagCountRelKeyPos   004c38db f   NTX:dbfntx1.obj
 0001:000c29da       _hb_ntxTagGoToRelKeyPos    004c39da f   NTX:dbfntx1.obj
 0001:000bc572       _hb_ntxEvalSeekCond        004bd572 f   NTX:dbfntx1.obj
 0001:000c4af4       _hb_ntxRegexMatch          004c5af4 f   NTX:dbfntx1.obj
 0001:000bc4f2       _hb_ntxEvalCond            004bd4f2 f   NTX:dbfntx1.obj
 0001:000bfb09       _hb_ntxTagLockWrite        004c0b09 f   NTX:dbfntx1.obj
 0001:000c13cb       _hb_ntxTagKeyAdd           004c23cb f   NTX:dbfntx1.obj
 0001:000bfba1       _hb_ntxTagUnLockWrite      004c0ba1 f   NTX:dbfntx1.obj
 0001:000c1aad       _hb_ntxTagKeyDel           004c2aad f   NTX:dbfntx1.obj
 0001:000bce28       _hb_ntxTagGetScope         004bde28 f   NTX:dbfntx1.obj
 0001:000bcc54       _hb_ntxTagSetScope         004bdc54 f   NTX:dbfntx1.obj
 0001:000c557e       _hb_ntxQSort               004c657e f   NTX:dbfntx1.obj
 0001:000c54ea       _hb_ntxQuickSortCompare    004c64ea f   NTX:dbfntx1.obj
 0001:000c57ae       _hb_ntxSortBufferFlush     004c67ae f   NTX:dbfntx1.obj
 0001:000c5897       _hb_ntxSortStorePage       004c6897 f   NTX:dbfntx1.obj
 0001:000c574c       _hb_ntxSortSortPage        004c674c f   NTX:dbfntx1.obj
 0001:000c5d09       _hb_ntxSortGetPageKey      004c6d09 f   NTX:dbfntx1.obj
 0001:000c5b4d       _hb_ntxSortWritePage       004c6b4d f   NTX:dbfntx1.obj
 0001:000c5ee9       _hb_ntxSortOrderPages      004c6ee9 f   NTX:dbfntx1.obj
 0001:000c60d5       _hb_ntxSortKeyGet          004c70d5 f   NTX:dbfntx1.obj
 0001:000c5a12       _hb_ntxSortAddNodeKey      004c6a12 f   NTX:dbfntx1.obj
 0001:000c6703       _hb_ntxSortFree            004c7703 f   NTX:dbfntx1.obj
 0001:000c6453       _hb_ntxSortNew             004c7453 f   NTX:dbfntx1.obj
 0001:000c6397       _hb_ntxSortKeyAdd          004c7397 f   NTX:dbfntx1.obj
 0001:000c682d       _hb_ntxSortOut             004c782d f   NTX:dbfntx1.obj
 0001:000bd537       _hb_ntxIndexTrunc          004be537 f   NTX:dbfntx1.obj
 0001:000c6ceb       _hb_ntxTagCreate           004c7ceb f   NTX:dbfntx1.obj
 0001:000bee4c       _hb_ntxIndexFree           004bfe4c f   NTX:dbfntx1.obj
 0001:000c2d56       _hb_ntxCreateFName         004c3d56 f   NTX:dbfntx1.obj
 0001:000bee09       _hb_ntxIndexNew            004bfe09 f   NTX:dbfntx1.obj
 0001:000bf068       _hb_ntxIndexLoad           004c0068 f   NTX:dbfntx1.obj
 0001:000c31c9       _hb_ntxFindTag             004c41c9 f   NTX:dbfntx1.obj
 0001:000c2cc4       _hb_ntxTagSpaceFree        004c3cc4 f   NTX:dbfntx1.obj
 0001:000c3430       _hb_ntxFindTagNum          004c4430 f   NTX:dbfntx1.obj
 0001:000c34d5       _hb_ntxOrdKeyCount         004c44d5 f   NTX:dbfntx1.obj
 0001:000c381b       _hb_ntxOrdKeyGoto          004c481b f   NTX:dbfntx1.obj
 0001:000c35e9       _hb_ntxOrdKeyNo            004c45e9 f   NTX:dbfntx1.obj
 0001:000c3b73       _hb_ntxOrdSetRelKeyPos     004c4b73 f   NTX:dbfntx1.obj
 0001:000c392f       _hb_ntxOrdGetRelKeyPos     004c492f f   NTX:dbfntx1.obj
 0001:000c4f18       _hb_ntxOrdKeyAdd           004c5f18 f   NTX:dbfntx1.obj
 0001:000c50a0       _hb_ntxOrdKeyDel           004c60a0 f   NTX:dbfntx1.obj
 0001:000c3f4b       _hb_ntxOrdSkipUnique       004c4f4b f   NTX:dbfntx1.obj
 0001:000c4230       _hb_ntxOrdSkipEval         004c5230 f   NTX:dbfntx1.obj
 0001:000c457f       _hb_ntxOrdSkipWild         004c557f f   NTX:dbfntx1.obj
 0001:000c4b8c       _hb_ntxOrdSkipRegEx        004c5b8c f   NTX:dbfntx1.obj
 0001:000c526c       _hb_ntxOrdFindRec          004c626c f   NTX:dbfntx1.obj
 0001:000c53c0       _hb_ntxOrdScopeEval        004c63c0 f   NTX:dbfntx1.obj
 0001:000c77e9       _hb_ntxReIndex             004c87e9 f   NTX:dbfntx1.obj
 0001:000cca6a       _hb_dbfntxRddInit          004cda6a f   NTX:dbfntx1.obj
 0001:000c78a8       _hb_ntxGoBottom            004c88a8 f   NTX:dbfntx1.obj
 0001:000c7a14       _hb_ntxGoTop               004c8a14 f   NTX:dbfntx1.obj
 0001:000c7b80       _hb_ntxSeek                004c8b80 f   NTX:dbfntx1.obj
 0001:000c7fcc       _hb_ntxSkipRaw             004c8fcc f   NTX:dbfntx1.obj
 0001:000c8278       _hb_ntxFlush               004c9278 f   NTX:dbfntx1.obj
 0001:000c830e       _hb_ntxGoCold              004c930e f   NTX:dbfntx1.obj
 0001:000c87e5       _hb_ntxGoHot               004c97e5 f   NTX:dbfntx1.obj
 0001:000c88fd       _hb_ntxClose               004c98fd f   NTX:dbfntx1.obj
 0001:000c89dd       _hb_ntxOpen                004c99dd f   NTX:dbfntx1.obj
 0001:000c89cb       _hb_ntxStructSize          004c99cb f   NTX:dbfntx1.obj
 0001:000c8ba4       _hb_ntxPack                004c9ba4 f   NTX:dbfntx1.obj
 0001:000c8be7       _hb_ntxZap                 004c9be7 f   NTX:dbfntx1.obj
 0001:000cbe1d       _hb_ntxOrderListAdd        004cce1d f   NTX:dbfntx1.obj
 0001:000cc1cf       _hb_ntxOrderListClear      004cd1cf f   NTX:dbfntx1.obj
 0001:000cc2c9       _hb_ntxOrderListDelete     004cd2c9 f   NTX:dbfntx1.obj
 0001:000cc41d       _hb_ntxOrderListFocus      004cd41d f   NTX:dbfntx1.obj
 0001:000cc4a2       _hb_ntxOrderListRebuild    004cd4a2 f   NTX:dbfntx1.obj
 0001:000c8c2a       _hb_ntxOrderCreate         004c9c2a f   NTX:dbfntx1.obj
 0001:000c9e9c       _hb_ntxOrderDestroy        004cae9c f   NTX:dbfntx1.obj
 0001:000ca0ca       _hb_ntxOrderInfo           004cb0ca f   NTX:dbfntx1.obj
 0001:000cc60a       _hb_ntxCountScope          004cd60a f   NTX:dbfntx1.obj
 0001:000cc63d       _hb_ntxInit                004cd63d f   NTX:dbfntx1.obj
 0001:000cc6a9       _hb_ntxRddInfo             004cd6a9 f   NTX:dbfntx1.obj
 0001:000ccb0f       __hb_dbfntx_rdd_init_      004cdb0f f   NTX:dbfntx1.obj
 0001:000ccacb       _dbfntx1__InitSymbols      004cdacb f   NTX:dbfntx1.obj
 0001:000cccc0       _grabhunk                  004cdcc0 f   crt:malloc.obj
 0001:000ce5d0       _closeall                  004cf5d0 f   crt:fclose.obj
 0001:000ce8f0       _prout                     004cf8f0 f   crt:printf.obj
 0001:000cec10       _prout                     004cfc10 f   crt:vfprintf.obj
 0001:000cecf0       _prout                     004cfcf0 f   crt:fprintf.obj
 0001:000cf630       _prout                     004d0630 f   crt:sprintf.obj
 0001:000cfc50       _swap                      004d0c50 f   crt:qsort.obj
 0001:000cfe80       _med3                      004d0e80 f   crt:qsort.obj
 0001:000cfef0       _median                    004d0ef0 f   crt:qsort.obj
 0001:000cfd00       _rot3                      004d0d00 f   crt:qsort.obj
 0001:000d0080       _intro_sort                004d1080 f   crt:qsort.obj
 0001:000cffb0       _adjust_heap               004d0fb0 f   crt:qsort.obj
 0001:000cfde0       _rotate                    004d0de0 f   crt:qsort.obj
 0001:000d0a90       _parse_cmdline             004d1a90 f   crt:_setargv.obj
 0001:000d2480       _ctrlevent_capture@4       004d3480 f   crt:signal.obj
 0001:000d7a50       _hb_gt_FuncInit            004d8a50 f   xhb:gtwin.obj
 0001:000d5c60       _hb_gt_win_xSetCursorStyle 004d6c60 f   xhb:gtwin.obj
 0001:000d5c20       _hb_gt_win_xSetCursorPos   004d6c20 f   xhb:gtwin.obj
 0001:000d5f50       _hb_gt_win_xGetScreenContents 004d6f50 f   xhb:gtwin.obj
 0001:000d5f00       _hb_gt_win_CtrlHandler@4   004d6f00 f   xhb:gtwin.obj
 0001:000d5ff0       _hb_gt_win_xInitScreenParam 004d6ff0 f   xhb:gtwin.obj
 0001:000d6770       _Handle_Alt_Key            004d7770 f   xhb:gtwin.obj
 0001:000d68d0       _SpecialHandling           004d78d0 f   xhb:gtwin.obj
 0001:000d5a90       _hb_gt_win_getKbdState     004d6a90 f   xhb:gtwin.obj
 0001:000d5e40       _hb_gt_win_xUpdtSet        004d6e40 f   xhb:gtwin.obj
 0001:000d5cf0       _hb_gt_win_xScreenUpdate   004d6cf0 f   xhb:gtwin.obj
 0001:000d6170       _hb_gt_win_Init            004d7170 f   xhb:gtwin.obj
 0001:000d6480       _hb_gt_win_Exit            004d7480 f   xhb:gtwin.obj
 0001:000d6540       _hb_gt_win_SetMode         004d7540 f   xhb:gtwin.obj
 0001:000d78d0       _hb_gt_win_Redraw          004d88d0 f   xhb:gtwin.obj
 0001:000d79c0       _hb_gt_win_Refresh         004d89c0 f   xhb:gtwin.obj
 0001:000d6660       _hb_gt_win_Version         004d7660 f   xhb:gtwin.obj
 0001:000d6680       _hb_gt_win_PostExt         004d7680 f   xhb:gtwin.obj
 0001:000d66b0       _hb_gt_win_Suspend         004d76b0 f   xhb:gtwin.obj
 0001:000d6700       _hb_gt_win_Resume          004d7700 f   xhb:gtwin.obj
 0001:000d7220       _hb_gt_win_Tone            004d8220 f   xhb:gtwin.obj
 0001:000d7400       _hb_gt_win_Info            004d8400 f   xhb:gtwin.obj
 0001:000d7240       _hb_gt_win_SetDispCP       004d8240 f   xhb:gtwin.obj
 0001:000d7330       _hb_gt_win_SetKeyCP        004d8330 f   xhb:gtwin.obj
 0001:000d6b20       _hb_gt_win_ReadKey         004d7b20 f   xhb:gtwin.obj
 0001:000d77f0       _hb_gt_win_mouse_IsPresent 004d87f0 f   xhb:gtwin.obj
 0001:000d7800       _hb_gt_win_mouse_GetPos    004d8800 f   xhb:gtwin.obj
 0001:000d7820       _hb_gt_win_mouse_ButtonState 004d8820 f   xhb:gtwin.obj
 0001:000d78b0       _hb_gt_win_mouse_CountButton 004d88b0 f   xhb:gtwin.obj
 0001:000d7b80       __hb_startup_gt_Init_      004d8b80 f   xhb:gtwin.obj
 0001:000d7da0       _hb_Outp9x                 004d8da0 f   xhb:gttone.obj
 0001:000d7d80       _hb_Inp9x                  004d8d80 f   xhb:gttone.obj
 0001:000d7ec0       _hb_gt_wNtTone             004d8ec0 f   xhb:gttone.obj
 0001:000d7dc0       _hb_gt_w9xTone             004d8dc0 f   xhb:gttone.obj
